This file contains any messages produced by compilers while
running configure, to aid debugging if configure makes a mistake.

It was created by mtd-utils configure 2.1.1, which was
generated by GNU Autoconf 2.69.  Invocation command line was

  $ ./configure --host=aarch64-openwrt-linux --prefix=/home/tplink/share/EAP772_gpl/PLATFORM/build/../images/eap/ipq53xx_eap7xx_common/rootfs --host=aarch64-openwrt-linux --disable-tests --without-crypto --without-xattr --without-zstd --without-lzo --without-ubifs --without-jffs ZLIB_CFLAGS=-I//home/tplink/share/EAP772_gpl/PLATFORM/build/../apps/zlib-1.2.7/ ZLIB_LIBS=-L//home/tplink/share/EAP772_gpl/PLATFORM/build/../apps/zlib-1.2.7/ CC=aarch64-openwrt-linux-gcc LD=aarch64-openwrt-linux-ld AR=aarch64-openwrt-linux-ar

## --------- ##
## Platform. ##
## --------- ##

hostname = tplink
uname -m = x86_64
uname -r = 5.15.0-113-generic
uname -s = Linux
uname -v = #123~20.04.1-Ubuntu SMP Wed Jun 12 17:33:13 UTC 2024

/usr/bin/uname -p = x86_64
/bin/uname -X     = unknown

/bin/arch              = x86_64
/usr/bin/arch -k       = unknown
/usr/convex/getsysinfo = unknown
/usr/bin/hostinfo      = unknown
/bin/machine           = unknown
/usr/bin/oslevel       = unknown
/bin/universe          = unknown

PATH: /home/tplink/share/EAP772_gpl/PLATFORM/build/../toolchain/util
PATH: /home/tplink/share/EAP772_gpl/PLATFORM/build/../build/toolchain/toolchain-aarch64_cortex-a73_gcc-7.5.0_musl/./usr/../usr/bin
PATH: /home/tplink/share/EAP772_gpl/PLATFORM/build/../build/toolchain/toolchain-aarch64_cortex-a73_gcc-7.5.0_musl/./usr/../bin
PATH: `pwd`
PATH: /home/tplink/share/EAP772_gpl/PLATFORM/build/../toolchain/util
PATH: /home/tplink/share/EAP772_gpl/PLATFORM/build/../build/toolchain/toolchain-aarch64_cortex-a73_gcc-7.5.0_musl/./usr/../usr/bin
PATH: /home/tplink/share/EAP772_gpl/PLATFORM/build/../build/toolchain/toolchain-aarch64_cortex-a73_gcc-7.5.0_musl/./usr/../bin
PATH: `pwd`
PATH: /home/tplink/share/EAP772_gpl/PLATFORM/build/../toolchain/util
PATH: /home/tplink/share/EAP772_gpl/PLATFORM/build/../build/toolchain/toolchain-aarch64_cortex-a73_gcc-7.5.0_musl/./usr/../usr/bin
PATH: /home/tplink/share/EAP772_gpl/PLATFORM/build/../build/toolchain/toolchain-aarch64_cortex-a73_gcc-7.5.0_musl/./usr/../bin
PATH: `pwd`
PATH: /usr/local/sbin
PATH: /usr/local/bin
PATH: /usr/sbin
PATH: /usr/bin
PATH: /sbin
PATH: /bin
PATH: /usr/games
PATH: /usr/local/games
PATH: /snap/bin


## ----------- ##
## Core tests. ##
## ----------- ##

configure:2617: checking for a BSD-compatible install
configure:2685: result: /usr/bin/install -c
configure:2696: checking whether build environment is sane
configure:2751: result: yes
configure:2808: checking for aarch64-openwrt-linux-strip
configure:2824: found /home/tplink/share/EAP772_gpl/PLATFORM/build/../build/toolchain/toolchain-aarch64_cortex-a73_gcc-7.5.0_musl/./usr/../bin/aarch64-openwrt-linux-strip
configure:2835: result: aarch64-openwrt-linux-strip
configure:2900: checking for a thread-safe mkdir -p
configure:2939: result: /usr/bin/mkdir -p
configure:2946: checking for gawk
configure:2962: found /usr/bin/gawk
configure:2973: result: gawk
configure:2984: checking whether make sets $(MAKE)
configure:3006: result: yes
configure:3035: checking whether make supports nested variables
configure:3052: result: yes
configure:3189: checking whether make supports nested variables
configure:3206: result: yes
configure:3246: checking build system type
configure:3260: result: x86_64-pc-linux-gnu
configure:3280: checking host system type
configure:3293: result: aarch64-openwrt-linux-gnu
configure:3334: checking how to print strings
configure:3361: result: printf
configure:3386: checking whether make supports the include directive
configure:3401: make -f confmf.GNU && cat confinc.out
make[3]: Entering directory '/home/tplink/share/EAP772_gpl/PLATFORM/apps/mtd-utils-2.1.1'
make[3]: Leaving directory '/home/tplink/share/EAP772_gpl/PLATFORM/apps/mtd-utils-2.1.1'
this is the am__doit target
configure:3404: $? = 0
configure:3423: result: yes (GNU style)
configure:3453: checking for aarch64-openwrt-linux-gcc
configure:3480: result: aarch64-openwrt-linux-gcc
configure:3749: checking for C compiler version
configure:3758: aarch64-openwrt-linux-gcc --version >&5
aarch64-openwrt-linux-gcc (OpenWrt GCC 7.5.0 r0+12639-06c3e84) 7.5.0
Copyright (C) 2017 Free Software Foundation, Inc.
This is free software; see the source for copying conditions.  There is NO
warranty; not even for MERCHANTABILITY or FITNESS FOR A PARTICULAR PURPOSE.

configure:3769: $? = 0
configure:3758: aarch64-openwrt-linux-gcc -v >&5
Reading specs from /home/tplink/share/EAP772_gpl/PLATFORM/build/toolchain/toolchain-aarch64_cortex-a73_gcc-7.5.0_musl/bin/../lib/gcc/aarch64-openwrt-linux-musl/7.5.0/specs
COLLECT_GCC=aarch64-openwrt-linux-gcc
COLLECT_LTO_WRAPPER=/home/tplink/share/EAP772_gpl/PLATFORM/build/toolchain/toolchain-aarch64_cortex-a73_gcc-7.5.0_musl/bin/../libexec/gcc/aarch64-openwrt-linux-musl/7.5.0/lto-wrapper
Target: aarch64-openwrt-linux-musl
Configured with: /opt/devl1/sdk/qsdk_spf12.1_ED1/SPF_12.1_ED1/qsdk/build_dir/toolchain-aarch64/gcc-7.5.0/configure --with-bugurl=http://bugs.openwrt.org/ --with-pkgversion='OpenWrt GCC 7.5.0 r0+12639-06c3e84' --prefix=/opt/devl1/sdk/qsdk_spf12.1_ED1/SPF_12.1_ED1/qsdk/staging_dir/toolchain-aarch64 --build=x86_64-pc-linux-gnu --host=x86_64-pc-linux-gnu --target=aarch64-openwrt-linux-musl --with-gnu-ld --enable-target-optspace --disable-libgomp --disable-libmudflap --disable-multilib --disable-libmpx --disable-nls --without-isl --without-cloog --with-host-libstdcxx=-lstdc++ --with-gmp=/opt/devl1/sdk/qsdk_spf12.1_ED1/SPF_12.1_ED1/qsdk/staging_dir/host --with-mpfr=/opt/devl1/sdk/qsdk_spf12.1_ED1/SPF_12.1_ED1/qsdk/staging_dir/host --with-mpc=/opt/devl1/sdk/qsdk_spf12.1_ED1/SPF_12.1_ED1/qsdk/staging_dir/host --disable-decimal-float --with-diagnostics-color=auto-if-env --disable-libssp --enable-__cxa_atexit --with-arch=armv8-a --with-headers=/opt/devl1/sdk/qsdk_spf12.1_ED1/SPF_12.1_ED1/qsdk/staging_dir/toolchain-aarch64/include --disable-libsanitizer --enable-languages=c,c++ --enable-shared --enable-threads --with-slibdir=/opt/devl1/sdk/qsdk_spf12.1_ED1/SPF_12.1_ED1/qsdk/staging_dir/toolchain-aarch64/lib --enable-lto --with-libelf=/opt/devl1/sdk/qsdk_spf12.1_ED1/SPF_12.1_ED1/qsdk/staging_dir/host
Thread model: posix
gcc version 7.5.0 (OpenWrt GCC 7.5.0 r0+12639-06c3e84) 
configure:3769: $? = 0
configure:3758: aarch64-openwrt-linux-gcc -V >&5
aarch64-openwrt-linux-gcc: error: unrecognized command line option '-V'
aarch64-openwrt-linux-gcc: fatal error: no input files
compilation terminated.
configure:3769: $? = 1
configure:3758: aarch64-openwrt-linux-gcc -qversion >&5
aarch64-openwrt-linux-gcc: error: unrecognized command line option '-qversion'; did you mean '--version'?
aarch64-openwrt-linux-gcc: fatal error: no input files
compilation terminated.
configure:3769: $? = 1
configure:3789: checking whether the C compiler works
configure:3811: aarch64-openwrt-linux-gcc    conftest.c  >&5
configure:3815: $? = 0
configure:3863: result: yes
configure:3866: checking for C compiler default output file name
configure:3868: result: a.out
configure:3874: checking for suffix of executables
configure:3881: aarch64-openwrt-linux-gcc -o conftest    conftest.c  >&5
configure:3885: $? = 0
configure:3907: result: 
configure:3929: checking whether we are cross compiling
configure:3937: aarch64-openwrt-linux-gcc -o conftest    conftest.c  >&5
configure:3941: $? = 0
configure:3948: ./conftest
./configure: line 3950: ./conftest: cannot execute binary file: Exec format error
configure:3952: $? = 126
configure:3940: result: yes
configure:3945: checking for suffix of object files
configure:3967: aarch64-openwrt-linux-gcc -c   conftest.c >&5
configure:3971: $? = 0
configure:3992: result: o
configure:3996: checking whether we are using the GNU C compiler
configure:4015: aarch64-openwrt-linux-gcc -c   conftest.c >&5
configure:4015: $? = 0
configure:4024: result: yes
configure:4033: checking whether aarch64-openwrt-linux-gcc accepts -g
configure:4053: aarch64-openwrt-linux-gcc -c -g  conftest.c >&5
configure:4053: $? = 0
configure:4094: result: yes
configure:4111: checking for aarch64-openwrt-linux-gcc option to accept ISO C89
configure:4174: aarch64-openwrt-linux-gcc  -c -g -O2  conftest.c >&5
configure:4174: $? = 0
configure:4187: result: none needed
configure:4212: checking whether aarch64-openwrt-linux-gcc understands -c and -o together
configure:4234: aarch64-openwrt-linux-gcc -c conftest.c -o conftest2.o
configure:4237: $? = 0
configure:4234: aarch64-openwrt-linux-gcc -c conftest.c -o conftest2.o
configure:4237: $? = 0
configure:4249: result: yes
configure:4268: checking dependency style of aarch64-openwrt-linux-gcc
configure:4379: result: gcc3
configure:4394: checking for a sed that does not truncate output
configure:4458: result: /usr/bin/sed
configure:4476: checking for grep that handles long lines and -e
configure:4534: result: /usr/bin/grep
configure:4539: checking for egrep
configure:4601: result: /usr/bin/grep -E
configure:4606: checking for fgrep
configure:4668: result: /usr/bin/grep -F
configure:4703: checking for ld used by aarch64-openwrt-linux-gcc
configure:4770: result: aarch64-openwrt-linux-ld
configure:4777: checking if the linker (aarch64-openwrt-linux-ld) is GNU ld
configure:4792: result: yes
configure:4804: checking for BSD- or MS-compatible name lister (nm)
configure:4858: result: /home/tplink/share/EAP772_gpl/PLATFORM/build/../build/toolchain/toolchain-aarch64_cortex-a73_gcc-7.5.0_musl/./usr/../bin/aarch64-openwrt-linux-nm -B
configure:4988: checking the name lister (/home/tplink/share/EAP772_gpl/PLATFORM/build/../build/toolchain/toolchain-aarch64_cortex-a73_gcc-7.5.0_musl/./usr/../bin/aarch64-openwrt-linux-nm -B) interface
configure:4995: aarch64-openwrt-linux-gcc -c -g -O2  conftest.c >&5
configure:4998: /home/tplink/share/EAP772_gpl/PLATFORM/build/../build/toolchain/toolchain-aarch64_cortex-a73_gcc-7.5.0_musl/./usr/../bin/aarch64-openwrt-linux-nm -B "conftest.o"
configure:5001: output
0000000000000000 B some_variable
configure:5002: result: BSD nm
configure:5005: checking whether ln -s works
configure:5009: result: yes
configure:5017: checking the maximum length of command line arguments
configure:5148: result: 1572864
configure:5196: checking how to convert x86_64-pc-linux-gnu file names to aarch64-openwrt-linux-gnu format
configure:5236: result: func_convert_file_noop
configure:5243: checking how to convert x86_64-pc-linux-gnu file names to toolchain format
configure:5263: result: func_convert_file_noop
configure:5270: checking for aarch64-openwrt-linux-ld option to reload object files
configure:5277: result: -r
configure:5311: checking for aarch64-openwrt-linux-objdump
configure:5327: found /home/tplink/share/EAP772_gpl/PLATFORM/build/../build/toolchain/toolchain-aarch64_cortex-a73_gcc-7.5.0_musl/./usr/../bin/aarch64-openwrt-linux-objdump
configure:5338: result: aarch64-openwrt-linux-objdump
configure:5410: checking how to recognize dependent libraries
configure:5610: result: pass_all
configure:5655: checking for aarch64-openwrt-linux-dlltool
configure:5685: result: no
configure:5695: checking for dlltool
configure:5725: result: no
configure:5755: checking how to associate runtime and link libraries
configure:5782: result: printf %s\n
configure:5799: checking for aarch64-openwrt-linux-ar
configure:5826: result: aarch64-openwrt-linux-ar
configure:5907: checking for archiver @FILE support
configure:5924: aarch64-openwrt-linux-gcc -c -g -O2  conftest.c >&5
configure:5924: $? = 0
configure:5927: aarch64-openwrt-linux-ar cr libconftest.a @conftest.lst >&5
configure:5930: $? = 0
configure:5935: aarch64-openwrt-linux-ar cr libconftest.a @conftest.lst >&5
aarch64-openwrt-linux-ar: conftest.o: No such file or directory
configure:5938: $? = 1
configure:5937: result: @
configure:5955: checking for aarch64-openwrt-linux-strip
configure:5982: result: aarch64-openwrt-linux-strip
configure:6054: checking for aarch64-openwrt-linux-ranlib
configure:6070: found /home/tplink/share/EAP772_gpl/PLATFORM/build/../build/toolchain/toolchain-aarch64_cortex-a73_gcc-7.5.0_musl/./usr/../bin/aarch64-openwrt-linux-ranlib
configure:6081: result: aarch64-openwrt-linux-ranlib
configure:6223: checking command to parse /home/tplink/share/EAP772_gpl/PLATFORM/build/../build/toolchain/toolchain-aarch64_cortex-a73_gcc-7.5.0_musl/./usr/../bin/aarch64-openwrt-linux-nm -B output from aarch64-openwrt-linux-gcc object
configure:6376: aarch64-openwrt-linux-gcc -c -g -O2  conftest.c >&5
configure:6379: $? = 0
configure:6383: /home/tplink/share/EAP772_gpl/PLATFORM/build/../build/toolchain/toolchain-aarch64_cortex-a73_gcc-7.5.0_musl/./usr/../bin/aarch64-openwrt-linux-nm -B conftest.o | sed -n -e 's/^.*[	 ]\([ABCDGIRSTW][ABCDGIRSTW]*\)[	 ][	 ]*\([_A-Za-z][_A-Za-z0-9]*\)$/\1 \2 \2/p' | sed '/ __gnu_lto/d' > conftest.nm
configure:6449: aarch64-openwrt-linux-gcc -o conftest -g -O2   conftest.c conftstm.o >&5
configure:6452: $? = 0
configure:6490: result: ok
configure:6537: checking for sysroot
configure:6567: result: no
configure:6574: checking for a working dd
configure:6612: result: /usr/bin/dd
configure:6616: checking how to truncate binary pipes
configure:6631: result: /usr/bin/dd bs=4096 count=1
configure:6920: checking for aarch64-openwrt-linux-mt
configure:6950: result: no
configure:6960: checking for mt
configure:6976: found /usr/bin/mt
configure:6987: result: mt
configure:6999: WARNING: using cross tools not prefixed with host triplet
configure:7010: checking if mt is a manifest tool
configure:7016: mt '-?'
configure:7024: result: no
configure:7701: checking how to run the C preprocessor
configure:7732: aarch64-openwrt-linux-gcc -E  conftest.c
configure:7732: $? = 0
configure:7746: aarch64-openwrt-linux-gcc -E  conftest.c
conftest.c:11:10: fatal error: ac_nonexistent.h: No such file or directory
 #include <ac_nonexistent.h>
          ^~~~~~~~~~~~~~~~~~
compilation terminated.
configure:7746: $? = 1
configure: failed program was:
| /* confdefs.h */
| #define PACKAGE_NAME "mtd-utils"
| #define PACKAGE_TARNAME "mtd-utils"
| #define PACKAGE_VERSION "2.1.1"
| #define PACKAGE_STRING "mtd-utils 2.1.1"
| #define PACKAGE_BUGREPORT "linux-mtd@lists.infradead.org"
| #define PACKAGE_URL ""
| #define PACKAGE "mtd-utils"
| #define VERSION "2.1.1"
| /* end confdefs.h.  */
| #include <ac_nonexistent.h>
configure:7771: result: aarch64-openwrt-linux-gcc -E
configure:7791: aarch64-openwrt-linux-gcc -E  conftest.c
configure:7791: $? = 0
configure:7805: aarch64-openwrt-linux-gcc -E  conftest.c
conftest.c:11:10: fatal error: ac_nonexistent.h: No such file or directory
 #include <ac_nonexistent.h>
          ^~~~~~~~~~~~~~~~~~
compilation terminated.
configure:7805: $? = 1
configure: failed program was:
| /* confdefs.h */
| #define PACKAGE_NAME "mtd-utils"
| #define PACKAGE_TARNAME "mtd-utils"
| #define PACKAGE_VERSION "2.1.1"
| #define PACKAGE_STRING "mtd-utils 2.1.1"
| #define PACKAGE_BUGREPORT "linux-mtd@lists.infradead.org"
| #define PACKAGE_URL ""
| #define PACKAGE "mtd-utils"
| #define VERSION "2.1.1"
| /* end confdefs.h.  */
| #include <ac_nonexistent.h>
configure:7834: checking for ANSI C header files
configure:7854: aarch64-openwrt-linux-gcc -c -g -O2  conftest.c >&5
configure:7854: $? = 0
configure:7938: result: yes
configure:7951: checking for sys/types.h
configure:7951: aarch64-openwrt-linux-gcc -c -g -O2  conftest.c >&5
configure:7951: $? = 0
configure:7951: result: yes
configure:7951: checking for sys/stat.h
configure:7951: aarch64-openwrt-linux-gcc -c -g -O2  conftest.c >&5
configure:7951: $? = 0
configure:7951: result: yes
configure:7951: checking for stdlib.h
configure:7951: aarch64-openwrt-linux-gcc -c -g -O2  conftest.c >&5
configure:7951: $? = 0
configure:7951: result: yes
configure:7951: checking for string.h
configure:7951: aarch64-openwrt-linux-gcc -c -g -O2  conftest.c >&5
configure:7951: $? = 0
configure:7951: result: yes
configure:7951: checking for memory.h
configure:7951: aarch64-openwrt-linux-gcc -c -g -O2  conftest.c >&5
configure:7951: $? = 0
configure:7951: result: yes
configure:7951: checking for strings.h
configure:7951: aarch64-openwrt-linux-gcc -c -g -O2  conftest.c >&5
configure:7951: $? = 0
configure:7951: result: yes
configure:7951: checking for inttypes.h
configure:7951: aarch64-openwrt-linux-gcc -c -g -O2  conftest.c >&5
configure:7951: $? = 0
configure:7951: result: yes
configure:7951: checking for stdint.h
configure:7951: aarch64-openwrt-linux-gcc -c -g -O2  conftest.c >&5
configure:7951: $? = 0
configure:7951: result: yes
configure:7951: checking for unistd.h
configure:7951: aarch64-openwrt-linux-gcc -c -g -O2  conftest.c >&5
configure:7951: $? = 0
configure:7951: result: yes
configure:7965: checking for dlfcn.h
configure:7965: aarch64-openwrt-linux-gcc -c -g -O2  conftest.c >&5
configure:7965: $? = 0
configure:7965: result: yes
configure:8221: checking for objdir
configure:8236: result: .libs
configure:8500: checking if aarch64-openwrt-linux-gcc supports -fno-rtti -fno-exceptions
configure:8518: aarch64-openwrt-linux-gcc -c -g -O2  -fno-rtti -fno-exceptions conftest.c >&5
cc1: warning: command line option '-fno-rtti' is valid for C++/ObjC++ but not for C
configure:8522: $? = 0
configure:8535: result: no
configure:8899: checking for aarch64-openwrt-linux-gcc option to produce PIC
configure:8906: result: -fPIC -DPIC
configure:8914: checking if aarch64-openwrt-linux-gcc PIC flag -fPIC -DPIC works
configure:8932: aarch64-openwrt-linux-gcc -c -g -O2  -fPIC -DPIC -DPIC conftest.c >&5
configure:8936: $? = 0
configure:8949: result: yes
configure:8978: checking if aarch64-openwrt-linux-gcc static flag -static works
configure:9006: result: yes
configure:9021: checking if aarch64-openwrt-linux-gcc supports -c -o file.o
configure:9042: aarch64-openwrt-linux-gcc -c -g -O2  -o out/conftest2.o conftest.c >&5
configure:9046: $? = 0
configure:9068: result: yes
configure:9076: checking if aarch64-openwrt-linux-gcc supports -c -o file.o
configure:9123: result: yes
configure:9156: checking whether the aarch64-openwrt-linux-gcc linker (aarch64-openwrt-linux-ld) supports shared libraries
configure:10419: result: yes
configure:10456: checking whether -lc should be explicitly linked in
configure:10464: aarch64-openwrt-linux-gcc -c -g -O2  conftest.c >&5
configure:10467: $? = 0
configure:10482: aarch64-openwrt-linux-gcc -shared  -fPIC -DPIC conftest.o  -v -Wl,-soname -Wl,conftest -o conftest 2\>\&1 \| /usr/bin/grep  -lc  \>/dev/null 2\>\&1
configure:10485: $? = 0
configure:10499: result: no
configure:10659: checking dynamic linker characteristics
configure:11240: aarch64-openwrt-linux-gcc -o conftest -g -O2   -Wl,-rpath -Wl,/foo conftest.c  >&5
configure:11240: $? = 0
configure:11489: result: GNU/Linux ld.so
configure:11611: checking how to hardcode library paths into programs
configure:11636: result: immediate
configure:12184: checking whether stripping libraries is possible
configure:12189: result: yes
configure:12224: checking if libtool supports shared libraries
configure:12226: result: yes
configure:12229: checking whether to build shared libraries
configure:12254: result: yes
configure:12257: checking whether to build static libraries
configure:12261: result: yes
configure:9110: checking for aarch64-openwrt-linux-gcc
configure:9137: result: aarch64-openwrt-linux-gcc
configure:9406: checking for C compiler version
configure:9415: aarch64-openwrt-linux-gcc --version >&5
aarch64-openwrt-linux-gcc (OpenWrt GCC 7.5.0 r0+12639-06c3e84) 7.5.0
Copyright (C) 2017 Free Software Foundation, Inc.
This is free software; see the source for copying conditions.  There is NO
warranty; not even for MERCHANTABILITY or FITNESS FOR A PARTICULAR PURPOSE.

configure:9426: $? = 0
configure:9415: aarch64-openwrt-linux-gcc -v >&5
Reading specs from /home/tplink/share/EAP772_gpl/PLATFORM/build/toolchain/toolchain-aarch64_cortex-a73_gcc-7.5.0_musl/bin/../lib/gcc/aarch64-openwrt-linux-musl/7.5.0/specs
COLLECT_GCC=aarch64-openwrt-linux-gcc
COLLECT_LTO_WRAPPER=/home/tplink/share/EAP772_gpl/PLATFORM/build/toolchain/toolchain-aarch64_cortex-a73_gcc-7.5.0_musl/bin/../libexec/gcc/aarch64-openwrt-linux-musl/7.5.0/lto-wrapper
Target: aarch64-openwrt-linux-musl
Configured with: /opt/devl1/sdk/qsdk_spf12.1_ED1/SPF_12.1_ED1/qsdk/build_dir/toolchain-aarch64/gcc-7.5.0/configure --with-bugurl=http://bugs.openwrt.org/ --with-pkgversion='OpenWrt GCC 7.5.0 r0+12639-06c3e84' --prefix=/opt/devl1/sdk/qsdk_spf12.1_ED1/SPF_12.1_ED1/qsdk/staging_dir/toolchain-aarch64 --build=x86_64-pc-linux-gnu --host=x86_64-pc-linux-gnu --target=aarch64-openwrt-linux-musl --with-gnu-ld --enable-target-optspace --disable-libgomp --disable-libmudflap --disable-multilib --disable-libmpx --disable-nls --without-isl --without-cloog --with-host-libstdcxx=-lstdc++ --with-gmp=/opt/devl1/sdk/qsdk_spf12.1_ED1/SPF_12.1_ED1/qsdk/staging_dir/host --with-mpfr=/opt/devl1/sdk/qsdk_spf12.1_ED1/SPF_12.1_ED1/qsdk/staging_dir/host --with-mpc=/opt/devl1/sdk/qsdk_spf12.1_ED1/SPF_12.1_ED1/qsdk/staging_dir/host --disable-decimal-float --with-diagnostics-color=auto-if-env --disable-libssp --enable-__cxa_atexit --with-arch=armv8-a --with-headers=/opt/devl1/sdk/qsdk_spf12.1_ED1/SPF_12.1_ED1/qsdk/staging_dir/toolchain-aarch64/include --disable-libsanitizer --enable-languages=c,c++ --enable-shared --enable-threads --with-slibdir=/opt/devl1/sdk/qsdk_spf12.1_ED1/SPF_12.1_ED1/qsdk/staging_dir/toolchain-aarch64/lib --enable-lto --with-libelf=/opt/devl1/sdk/qsdk_spf12.1_ED1/SPF_12.1_ED1/qsdk/staging_dir/host
Thread model: posix
gcc version 7.5.0 (OpenWrt GCC 7.5.0 r0+12639-06c3e84) 
configure:9426: $? = 0
configure:9415: aarch64-openwrt-linux-gcc -V >&5
aarch64-openwrt-linux-gcc: error: unrecognized command line option '-V'
aarch64-openwrt-linux-gcc: fatal error: no input files
compilation terminated.
configure:9426: $? = 1
configure:9415: aarch64-openwrt-linux-gcc -qversion >&5
aarch64-openwrt-linux-gcc: error: unrecognized command line option '-qversion'; did you mean '--version'?
aarch64-openwrt-linux-gcc: fatal error: no input files
compilation terminated.
configure:9426: $? = 1
configure:9430: checking whether we are using the GNU C compiler
configure:9458: result: yes
configure:9467: checking whether aarch64-openwrt-linux-gcc accepts -g
configure:9528: result: yes
configure:9545: checking for aarch64-openwrt-linux-gcc option to accept ISO C89
configure:9621: result: none needed
configure:9646: checking whether aarch64-openwrt-linux-gcc understands -c and -o together
configure:9683: result: yes
configure:9702: checking dependency style of aarch64-openwrt-linux-gcc
configure:9813: result: gcc3
configure:9843: checking for aarch64-openwrt-linux-pkg-config
configure:9876: result: no
configure:9886: checking for pkg-config
configure:9904: found /usr/bin/pkg-config
configure:9916: result: /usr/bin/pkg-config
configure:9941: checking pkg-config is at least version 0.9.0
configure:9944: result: yes
configure:9956: checking whether compiler handles -Wall
configure:9980: aarch64-openwrt-linux-gcc -E -Werror  -Wall conftest.c
configure:9980: $? = 0
configure:9992: result: yes
configure:10000: checking whether compiler handles -Wextra
configure:10024: aarch64-openwrt-linux-gcc -E -Werror  -Wextra conftest.c
configure:10024: $? = 0
configure:10036: result: yes
configure:10044: checking whether compiler handles -Wunused
configure:10068: aarch64-openwrt-linux-gcc -E -Werror  -Wunused conftest.c
configure:10068: $? = 0
configure:10080: result: yes
configure:10088: checking whether compiler handles -Wmissing-prototypes
configure:10112: aarch64-openwrt-linux-gcc -E -Werror  -Wmissing-prototypes conftest.c
configure:10112: $? = 0
configure:10124: result: yes
configure:10132: checking whether compiler handles -Wmissing-declarations
configure:10156: aarch64-openwrt-linux-gcc -E -Werror  -Wmissing-declarations conftest.c
configure:10156: $? = 0
configure:10168: result: yes
configure:10176: checking whether compiler handles -Wwrite-strings
configure:10200: aarch64-openwrt-linux-gcc -E -Werror  -Wwrite-strings conftest.c
configure:10200: $? = 0
configure:10212: result: yes
configure:10220: checking whether compiler handles -Wjump-misses-init
configure:10244: aarch64-openwrt-linux-gcc -E -Werror  -Wjump-misses-init conftest.c
configure:10244: $? = 0
configure:10256: result: yes
configure:10264: checking whether compiler handles -Wuninitialized
configure:10288: aarch64-openwrt-linux-gcc -E -Werror  -Wuninitialized conftest.c
configure:10288: $? = 0
configure:10300: result: yes
configure:10308: checking whether compiler handles -Winit-self
configure:10332: aarch64-openwrt-linux-gcc -E -Werror  -Winit-self conftest.c
configure:10332: $? = 0
configure:10344: result: yes
configure:10352: checking whether compiler handles -Wlogical-op
configure:10376: aarch64-openwrt-linux-gcc -E -Werror  -Wlogical-op conftest.c
configure:10376: $? = 0
configure:10388: result: yes
configure:10396: checking whether compiler handles -Wunused-but-set-parameter
configure:10420: aarch64-openwrt-linux-gcc -E -Werror  -Wunused-but-set-parameter conftest.c
configure:10420: $? = 0
configure:10432: result: yes
configure:10440: checking whether compiler handles -Wunused-but-set-variable
configure:10464: aarch64-openwrt-linux-gcc -E -Werror  -Wunused-but-set-variable conftest.c
configure:10464: $? = 0
configure:10476: result: yes
configure:10484: checking whether compiler handles -Wunused-parameter
configure:10508: aarch64-openwrt-linux-gcc -E -Werror  -Wunused-parameter conftest.c
configure:10508: $? = 0
configure:10520: result: yes
configure:10528: checking whether compiler handles -Wunused-result
configure:10552: aarch64-openwrt-linux-gcc -E -Werror  -Wunused-result conftest.c
configure:10552: $? = 0
configure:10564: result: yes
configure:10572: checking whether compiler handles -Wunused-variable
configure:10596: aarch64-openwrt-linux-gcc -E -Werror  -Wunused-variable conftest.c
configure:10596: $? = 0
configure:10608: result: yes
configure:10616: checking whether compiler handles -Wduplicated-cond
configure:10640: aarch64-openwrt-linux-gcc -E -Werror  -Wduplicated-cond conftest.c
configure:10640: $? = 0
configure:10652: result: yes
configure:10660: checking whether compiler handles -Wduplicated-branches
configure:10684: aarch64-openwrt-linux-gcc -E -Werror  -Wduplicated-branches conftest.c
configure:10684: $? = 0
configure:10696: result: yes
configure:10704: checking whether compiler handles -Wrestrict
configure:10728: aarch64-openwrt-linux-gcc -E -Werror  -Wrestrict conftest.c
configure:10728: $? = 0
configure:10740: result: yes
configure:10748: checking whether compiler handles -Wnull-dereference
configure:10772: aarch64-openwrt-linux-gcc -E -Werror  -Wnull-dereference conftest.c
configure:10772: $? = 0
configure:10784: result: yes
configure:10793: checking whether compiler handles -Wno-shadow
configure:10817: aarch64-openwrt-linux-gcc -E -Werror  -Wno-shadow conftest.c
configure:10817: $? = 0
configure:10829: result: yes
configure:10837: checking whether compiler handles -Wno-sign-compare
configure:10861: aarch64-openwrt-linux-gcc -E -Werror  -Wno-sign-compare conftest.c
configure:10861: $? = 0
configure:10873: result: yes
configure:12494: checking execinfo.h usability
configure:12494: aarch64-openwrt-linux-gcc -c -g -O2  conftest.c >&5
conftest.c:56:10: fatal error: execinfo.h: No such file or directory
 #include <execinfo.h>
          ^~~~~~~~~~~~
compilation terminated.
configure:12494: $? = 1
configure: failed program was:
| /* confdefs.h */
| #define PACKAGE_NAME "mtd-utils"
| #define PACKAGE_TARNAME "mtd-utils"
| #define PACKAGE_VERSION "2.1.1"
| #define PACKAGE_STRING "mtd-utils 2.1.1"
| #define PACKAGE_BUGREPORT "linux-mtd@lists.infradead.org"
| #define PACKAGE_URL ""
| #define PACKAGE "mtd-utils"
| #define VERSION "2.1.1"
| #define STDC_HEADERS 1
| #define HAVE_SYS_TYPES_H 1
| #define HAVE_SYS_STAT_H 1
| #define HAVE_STDLIB_H 1
| #define HAVE_STRING_H 1
| #define HAVE_MEMORY_H 1
| #define HAVE_STRINGS_H 1
| #define HAVE_INTTYPES_H 1
| #define HAVE_STDINT_H 1
| #define HAVE_UNISTD_H 1
| #define HAVE_DLFCN_H 1
| #define LT_OBJDIR ".libs/"
| /* end confdefs.h.  */
| #include <stdio.h>
| #ifdef HAVE_SYS_TYPES_H
| # include <sys/types.h>
| #endif
| #ifdef HAVE_SYS_STAT_H
| # include <sys/stat.h>
| #endif
| #ifdef STDC_HEADERS
| # include <stdlib.h>
| # include <stddef.h>
| #else
| # ifdef HAVE_STDLIB_H
| #  include <stdlib.h>
| # endif
| #endif
| #ifdef HAVE_STRING_H
| # if !defined STDC_HEADERS && defined HAVE_MEMORY_H
| #  include <memory.h>
| # endif
| # include <string.h>
| #endif
| #ifdef HAVE_STRINGS_H
| # include <strings.h>
| #endif
| #ifdef HAVE_INTTYPES_H
| # include <inttypes.h>
| #endif
| #ifdef HAVE_STDINT_H
| # include <stdint.h>
| #endif
| #ifdef HAVE_UNISTD_H
| # include <unistd.h>
| #endif
| #include <execinfo.h>
configure:12494: result: no
configure:12494: checking execinfo.h presence
configure:12494: aarch64-openwrt-linux-gcc -E  conftest.c
conftest.c:23:10: fatal error: execinfo.h: No such file or directory
 #include <execinfo.h>
          ^~~~~~~~~~~~
compilation terminated.
configure:12494: $? = 1
configure: failed program was:
| /* confdefs.h */
| #define PACKAGE_NAME "mtd-utils"
| #define PACKAGE_TARNAME "mtd-utils"
| #define PACKAGE_VERSION "2.1.1"
| #define PACKAGE_STRING "mtd-utils 2.1.1"
| #define PACKAGE_BUGREPORT "linux-mtd@lists.infradead.org"
| #define PACKAGE_URL ""
| #define PACKAGE "mtd-utils"
| #define VERSION "2.1.1"
| #define STDC_HEADERS 1
| #define HAVE_SYS_TYPES_H 1
| #define HAVE_SYS_STAT_H 1
| #define HAVE_STDLIB_H 1
| #define HAVE_STRING_H 1
| #define HAVE_MEMORY_H 1
| #define HAVE_STRINGS_H 1
| #define HAVE_INTTYPES_H 1
| #define HAVE_STDINT_H 1
| #define HAVE_UNISTD_H 1
| #define HAVE_DLFCN_H 1
| #define LT_OBJDIR ".libs/"
| /* end confdefs.h.  */
| #include <execinfo.h>
configure:12494: result: no
configure:12494: checking for execinfo.h
configure:12494: result: no
configure:12648: checking size of off_t
configure:12653: aarch64-openwrt-linux-gcc -c -g -O2  conftest.c >&5
configure:12653: $? = 0
configure:12653: aarch64-openwrt-linux-gcc -c -g -O2  conftest.c >&5
conftest.c: In function 'main':
conftest.c:59:12: error: size of array 'test_array' is negative
 static int test_array [1 - 2 * !(((long int) (sizeof (off_t))) <= 0)];
            ^~~~~~~~~~
configure:12653: $? = 1
configure: failed program was:
| /* confdefs.h */
| #define PACKAGE_NAME "mtd-utils"
| #define PACKAGE_TARNAME "mtd-utils"
| #define PACKAGE_VERSION "2.1.1"
| #define PACKAGE_STRING "mtd-utils 2.1.1"
| #define PACKAGE_BUGREPORT "linux-mtd@lists.infradead.org"
| #define PACKAGE_URL ""
| #define PACKAGE "mtd-utils"
| #define VERSION "2.1.1"
| #define STDC_HEADERS 1
| #define HAVE_SYS_TYPES_H 1
| #define HAVE_SYS_STAT_H 1
| #define HAVE_STDLIB_H 1
| #define HAVE_STRING_H 1
| #define HAVE_MEMORY_H 1
| #define HAVE_STRINGS_H 1
| #define HAVE_INTTYPES_H 1
| #define HAVE_STDINT_H 1
| #define HAVE_UNISTD_H 1
| #define HAVE_DLFCN_H 1
| #define LT_OBJDIR ".libs/"
| /* end confdefs.h.  */
| #include <stdio.h>
| #ifdef HAVE_SYS_TYPES_H
| # include <sys/types.h>
| #endif
| #ifdef HAVE_SYS_STAT_H
| # include <sys/stat.h>
| #endif
| #ifdef STDC_HEADERS
| # include <stdlib.h>
| # include <stddef.h>
| #else
| # ifdef HAVE_STDLIB_H
| #  include <stdlib.h>
| # endif
| #endif
| #ifdef HAVE_STRING_H
| # if !defined STDC_HEADERS && defined HAVE_MEMORY_H
| #  include <memory.h>
| # endif
| # include <string.h>
| #endif
| #ifdef HAVE_STRINGS_H
| # include <strings.h>
| #endif
| #ifdef HAVE_INTTYPES_H
| # include <inttypes.h>
| #endif
| #ifdef HAVE_STDINT_H
| # include <stdint.h>
| #endif
| #ifdef HAVE_UNISTD_H
| # include <unistd.h>
| #endif
| int
| main ()
| {
| static int test_array [1 - 2 * !(((long int) (sizeof (off_t))) <= 0)];
| test_array [0] = 0;
| return test_array [0];
| 
|   ;
|   return 0;
| }
configure:12653: aarch64-openwrt-linux-gcc -c -g -O2  conftest.c >&5
conftest.c: In function 'main':
conftest.c:59:12: error: size of array 'test_array' is negative
 static int test_array [1 - 2 * !(((long int) (sizeof (off_t))) <= 1)];
            ^~~~~~~~~~
configure:12653: $? = 1
configure: failed program was:
| /* confdefs.h */
| #define PACKAGE_NAME "mtd-utils"
| #define PACKAGE_TARNAME "mtd-utils"
| #define PACKAGE_VERSION "2.1.1"
| #define PACKAGE_STRING "mtd-utils 2.1.1"
| #define PACKAGE_BUGREPORT "linux-mtd@lists.infradead.org"
| #define PACKAGE_URL ""
| #define PACKAGE "mtd-utils"
| #define VERSION "2.1.1"
| #define STDC_HEADERS 1
| #define HAVE_SYS_TYPES_H 1
| #define HAVE_SYS_STAT_H 1
| #define HAVE_STDLIB_H 1
| #define HAVE_STRING_H 1
| #define HAVE_MEMORY_H 1
| #define HAVE_STRINGS_H 1
| #define HAVE_INTTYPES_H 1
| #define HAVE_STDINT_H 1
| #define HAVE_UNISTD_H 1
| #define HAVE_DLFCN_H 1
| #define LT_OBJDIR ".libs/"
| /* end confdefs.h.  */
| #include <stdio.h>
| #ifdef HAVE_SYS_TYPES_H
| # include <sys/types.h>
| #endif
| #ifdef HAVE_SYS_STAT_H
| # include <sys/stat.h>
| #endif
| #ifdef STDC_HEADERS
| # include <stdlib.h>
| # include <stddef.h>
| #else
| # ifdef HAVE_STDLIB_H
| #  include <stdlib.h>
| # endif
| #endif
| #ifdef HAVE_STRING_H
| # if !defined STDC_HEADERS && defined HAVE_MEMORY_H
| #  include <memory.h>
| # endif
| # include <string.h>
| #endif
| #ifdef HAVE_STRINGS_H
| # include <strings.h>
| #endif
| #ifdef HAVE_INTTYPES_H
| # include <inttypes.h>
| #endif
| #ifdef HAVE_STDINT_H
| # include <stdint.h>
| #endif
| #ifdef HAVE_UNISTD_H
| # include <unistd.h>
| #endif
| int
| main ()
| {
| static int test_array [1 - 2 * !(((long int) (sizeof (off_t))) <= 1)];
| test_array [0] = 0;
| return test_array [0];
| 
|   ;
|   return 0;
| }
configure:12653: aarch64-openwrt-linux-gcc -c -g -O2  conftest.c >&5
conftest.c: In function 'main':
conftest.c:59:12: error: size of array 'test_array' is negative
 static int test_array [1 - 2 * !(((long int) (sizeof (off_t))) <= 3)];
            ^~~~~~~~~~
configure:12653: $? = 1
configure: failed program was:
| /* confdefs.h */
| #define PACKAGE_NAME "mtd-utils"
| #define PACKAGE_TARNAME "mtd-utils"
| #define PACKAGE_VERSION "2.1.1"
| #define PACKAGE_STRING "mtd-utils 2.1.1"
| #define PACKAGE_BUGREPORT "linux-mtd@lists.infradead.org"
| #define PACKAGE_URL ""
| #define PACKAGE "mtd-utils"
| #define VERSION "2.1.1"
| #define STDC_HEADERS 1
| #define HAVE_SYS_TYPES_H 1
| #define HAVE_SYS_STAT_H 1
| #define HAVE_STDLIB_H 1
| #define HAVE_STRING_H 1
| #define HAVE_MEMORY_H 1
| #define HAVE_STRINGS_H 1
| #define HAVE_INTTYPES_H 1
| #define HAVE_STDINT_H 1
| #define HAVE_UNISTD_H 1
| #define HAVE_DLFCN_H 1
| #define LT_OBJDIR ".libs/"
| /* end confdefs.h.  */
| #include <stdio.h>
| #ifdef HAVE_SYS_TYPES_H
| # include <sys/types.h>
| #endif
| #ifdef HAVE_SYS_STAT_H
| # include <sys/stat.h>
| #endif
| #ifdef STDC_HEADERS
| # include <stdlib.h>
| # include <stddef.h>
| #else
| # ifdef HAVE_STDLIB_H
| #  include <stdlib.h>
| # endif
| #endif
| #ifdef HAVE_STRING_H
| # if !defined STDC_HEADERS && defined HAVE_MEMORY_H
| #  include <memory.h>
| # endif
| # include <string.h>
| #endif
| #ifdef HAVE_STRINGS_H
| # include <strings.h>
| #endif
| #ifdef HAVE_INTTYPES_H
| # include <inttypes.h>
| #endif
| #ifdef HAVE_STDINT_H
| # include <stdint.h>
| #endif
| #ifdef HAVE_UNISTD_H
| # include <unistd.h>
| #endif
| int
| main ()
| {
| static int test_array [1 - 2 * !(((long int) (sizeof (off_t))) <= 3)];
| test_array [0] = 0;
| return test_array [0];
| 
|   ;
|   return 0;
| }
configure:12653: aarch64-openwrt-linux-gcc -c -g -O2  conftest.c >&5
conftest.c: In function 'main':
conftest.c:59:12: error: size of array 'test_array' is negative
 static int test_array [1 - 2 * !(((long int) (sizeof (off_t))) <= 7)];
            ^~~~~~~~~~
configure:12653: $? = 1
configure: failed program was:
| /* confdefs.h */
| #define PACKAGE_NAME "mtd-utils"
| #define PACKAGE_TARNAME "mtd-utils"
| #define PACKAGE_VERSION "2.1.1"
| #define PACKAGE_STRING "mtd-utils 2.1.1"
| #define PACKAGE_BUGREPORT "linux-mtd@lists.infradead.org"
| #define PACKAGE_URL ""
| #define PACKAGE "mtd-utils"
| #define VERSION "2.1.1"
| #define STDC_HEADERS 1
| #define HAVE_SYS_TYPES_H 1
| #define HAVE_SYS_STAT_H 1
| #define HAVE_STDLIB_H 1
| #define HAVE_STRING_H 1
| #define HAVE_MEMORY_H 1
| #define HAVE_STRINGS_H 1
| #define HAVE_INTTYPES_H 1
| #define HAVE_STDINT_H 1
| #define HAVE_UNISTD_H 1
| #define HAVE_DLFCN_H 1
| #define LT_OBJDIR ".libs/"
| /* end confdefs.h.  */
| #include <stdio.h>
| #ifdef HAVE_SYS_TYPES_H
| # include <sys/types.h>
| #endif
| #ifdef HAVE_SYS_STAT_H
| # include <sys/stat.h>
| #endif
| #ifdef STDC_HEADERS
| # include <stdlib.h>
| # include <stddef.h>
| #else
| # ifdef HAVE_STDLIB_H
| #  include <stdlib.h>
| # endif
| #endif
| #ifdef HAVE_STRING_H
| # if !defined STDC_HEADERS && defined HAVE_MEMORY_H
| #  include <memory.h>
| # endif
| # include <string.h>
| #endif
| #ifdef HAVE_STRINGS_H
| # include <strings.h>
| #endif
| #ifdef HAVE_INTTYPES_H
| # include <inttypes.h>
| #endif
| #ifdef HAVE_STDINT_H
| # include <stdint.h>
| #endif
| #ifdef HAVE_UNISTD_H
| # include <unistd.h>
| #endif
| int
| main ()
| {
| static int test_array [1 - 2 * !(((long int) (sizeof (off_t))) <= 7)];
| test_array [0] = 0;
| return test_array [0];
| 
|   ;
|   return 0;
| }
configure:12653: aarch64-openwrt-linux-gcc -c -g -O2  conftest.c >&5
configure:12653: $? = 0
configure:12653: aarch64-openwrt-linux-gcc -c -g -O2  conftest.c >&5
configure:12653: $? = 0
configure:12653: aarch64-openwrt-linux-gcc -c -g -O2  conftest.c >&5
configure:12653: $? = 0
configure:12653: aarch64-openwrt-linux-gcc -c -g -O2  conftest.c >&5
configure:12653: $? = 0
configure:12667: result: 8
configure:12681: checking size of loff_t
configure:12686: aarch64-openwrt-linux-gcc -c -g -O2  conftest.c >&5
conftest.c: In function 'main':
conftest.c:60:55: error: 'loff_t' undeclared (first use in this function); did you mean 'off_t'?
 static int test_array [1 - 2 * !(((long int) (sizeof (loff_t))) >= 0)];
                                                       ^~~~~~
                                                       off_t
conftest.c:60:55: note: each undeclared identifier is reported only once for each function it appears in
configure:12686: $? = 1
configure: failed program was:
| /* confdefs.h */
| #define PACKAGE_NAME "mtd-utils"
| #define PACKAGE_TARNAME "mtd-utils"
| #define PACKAGE_VERSION "2.1.1"
| #define PACKAGE_STRING "mtd-utils 2.1.1"
| #define PACKAGE_BUGREPORT "linux-mtd@lists.infradead.org"
| #define PACKAGE_URL ""
| #define PACKAGE "mtd-utils"
| #define VERSION "2.1.1"
| #define STDC_HEADERS 1
| #define HAVE_SYS_TYPES_H 1
| #define HAVE_SYS_STAT_H 1
| #define HAVE_STDLIB_H 1
| #define HAVE_STRING_H 1
| #define HAVE_MEMORY_H 1
| #define HAVE_STRINGS_H 1
| #define HAVE_INTTYPES_H 1
| #define HAVE_STDINT_H 1
| #define HAVE_UNISTD_H 1
| #define HAVE_DLFCN_H 1
| #define LT_OBJDIR ".libs/"
| #define SIZEOF_OFF_T 8
| /* end confdefs.h.  */
| #include <stdio.h>
| #ifdef HAVE_SYS_TYPES_H
| # include <sys/types.h>
| #endif
| #ifdef HAVE_SYS_STAT_H
| # include <sys/stat.h>
| #endif
| #ifdef STDC_HEADERS
| # include <stdlib.h>
| # include <stddef.h>
| #else
| # ifdef HAVE_STDLIB_H
| #  include <stdlib.h>
| # endif
| #endif
| #ifdef HAVE_STRING_H
| # if !defined STDC_HEADERS && defined HAVE_MEMORY_H
| #  include <memory.h>
| # endif
| # include <string.h>
| #endif
| #ifdef HAVE_STRINGS_H
| # include <strings.h>
| #endif
| #ifdef HAVE_INTTYPES_H
| # include <inttypes.h>
| #endif
| #ifdef HAVE_STDINT_H
| # include <stdint.h>
| #endif
| #ifdef HAVE_UNISTD_H
| # include <unistd.h>
| #endif
| int
| main ()
| {
| static int test_array [1 - 2 * !(((long int) (sizeof (loff_t))) >= 0)];
| test_array [0] = 0;
| return test_array [0];
| 
|   ;
|   return 0;
| }
configure:12686: aarch64-openwrt-linux-gcc -c -g -O2  conftest.c >&5
conftest.c: In function 'main':
conftest.c:60:55: error: 'loff_t' undeclared (first use in this function); did you mean 'off_t'?
 static int test_array [1 - 2 * !(((long int) (sizeof (loff_t))) < 0)];
                                                       ^~~~~~
                                                       off_t
conftest.c:60:55: note: each undeclared identifier is reported only once for each function it appears in
configure:12686: $? = 1
configure: failed program was:
| /* confdefs.h */
| #define PACKAGE_NAME "mtd-utils"
| #define PACKAGE_TARNAME "mtd-utils"
| #define PACKAGE_VERSION "2.1.1"
| #define PACKAGE_STRING "mtd-utils 2.1.1"
| #define PACKAGE_BUGREPORT "linux-mtd@lists.infradead.org"
| #define PACKAGE_URL ""
| #define PACKAGE "mtd-utils"
| #define VERSION "2.1.1"
| #define STDC_HEADERS 1
| #define HAVE_SYS_TYPES_H 1
| #define HAVE_SYS_STAT_H 1
| #define HAVE_STDLIB_H 1
| #define HAVE_STRING_H 1
| #define HAVE_MEMORY_H 1
| #define HAVE_STRINGS_H 1
| #define HAVE_INTTYPES_H 1
| #define HAVE_STDINT_H 1
| #define HAVE_UNISTD_H 1
| #define HAVE_DLFCN_H 1
| #define LT_OBJDIR ".libs/"
| #define SIZEOF_OFF_T 8
| /* end confdefs.h.  */
| #include <stdio.h>
| #ifdef HAVE_SYS_TYPES_H
| # include <sys/types.h>
| #endif
| #ifdef HAVE_SYS_STAT_H
| # include <sys/stat.h>
| #endif
| #ifdef STDC_HEADERS
| # include <stdlib.h>
| # include <stddef.h>
| #else
| # ifdef HAVE_STDLIB_H
| #  include <stdlib.h>
| # endif
| #endif
| #ifdef HAVE_STRING_H
| # if !defined STDC_HEADERS && defined HAVE_MEMORY_H
| #  include <memory.h>
| # endif
| # include <string.h>
| #endif
| #ifdef HAVE_STRINGS_H
| # include <strings.h>
| #endif
| #ifdef HAVE_INTTYPES_H
| # include <inttypes.h>
| #endif
| #ifdef HAVE_STDINT_H
| # include <stdint.h>
| #endif
| #ifdef HAVE_UNISTD_H
| # include <unistd.h>
| #endif
| int
| main ()
| {
| static int test_array [1 - 2 * !(((long int) (sizeof (loff_t))) < 0)];
| test_array [0] = 0;
| return test_array [0];
| 
|   ;
|   return 0;
| }
configure:12700: result: 0
configure:12832: checking that generated files are newer than configure
configure:12838: result: done
configure:12945: creating ./config.status

## ---------------------- ##
## Running config.status. ##
## ---------------------- ##

This file was extended by mtd-utils config.status 2.1.1, which was
generated by GNU Autoconf 2.69.  Invocation command line was

  CONFIG_FILES    = 
  CONFIG_HEADERS  = 
  CONFIG_LINKS    = 
  CONFIG_COMMANDS = 
  $ ./config.status 

on tplink

config.status:1135: creating tests/fs-tests/fs_help_all.sh
config.status:1135: creating tests/fs-tests/fs_run_all.sh
config.status:1135: creating tests/fs-tests/stress/fs_stress00.sh
config.status:1135: creating tests/fs-tests/stress/fs_stress01.sh
config.status:1135: creating tests/ubi-tests/runubitests.sh
config.status:1135: creating tests/ubi-tests/ubi-stress-test.sh
config.status:1135: creating Makefile
config.status:1135: creating include/config.h
config.status:1316: include/config.h is unchanged
config.status:1364: executing depfiles commands
config.status:1441: cd .       && sed -e '/# am--include-marker/d' Makefile         | make -f - am--depfiles
make[3]: Entering directory '/home/tplink/share/EAP772_gpl/PLATFORM/apps/mtd-utils-2.1.1'
make[3]: Nothing to be done for 'am--depfiles'.
make[3]: Leaving directory '/home/tplink/share/EAP772_gpl/PLATFORM/apps/mtd-utils-2.1.1'
config.status:1446: $? = 0
config.status:1364: executing libtool commands

## ---------------- ##
## Cache variables. ##
## ---------------- ##

ac_cv_build=x86_64-pc-linux-gnu
ac_cv_c_compiler_gnu=yes
ac_cv_env_CC_set=set
ac_cv_env_CC_value=aarch64-openwrt-linux-gcc
ac_cv_env_CFLAGS_set=
ac_cv_env_CFLAGS_value=
ac_cv_env_CMOCKA_CFLAGS_set=
ac_cv_env_CMOCKA_CFLAGS_value=
ac_cv_env_CMOCKA_LIBS_set=
ac_cv_env_CMOCKA_LIBS_value=
ac_cv_env_CPPFLAGS_set=
ac_cv_env_CPPFLAGS_value=
ac_cv_env_CPP_set=
ac_cv_env_CPP_value=
ac_cv_env_LDFLAGS_set=
ac_cv_env_LDFLAGS_value=
ac_cv_env_LIBSELINUX_CFLAGS_set=
ac_cv_env_LIBSELINUX_CFLAGS_value=
ac_cv_env_LIBSELINUX_LIBS_set=
ac_cv_env_LIBSELINUX_LIBS_value=
ac_cv_env_LIBS_set=
ac_cv_env_LIBS_value=
ac_cv_env_LT_SYS_LIBRARY_PATH_set=
ac_cv_env_LT_SYS_LIBRARY_PATH_value=
ac_cv_env_LZO_CFLAGS_set=
ac_cv_env_LZO_CFLAGS_value=
ac_cv_env_LZO_LIBS_set=
ac_cv_env_LZO_LIBS_value=
ac_cv_env_OPENSSL_CFLAGS_set=
ac_cv_env_OPENSSL_CFLAGS_value=
ac_cv_env_OPENSSL_LIBS_set=
ac_cv_env_OPENSSL_LIBS_value=
ac_cv_env_PKG_CONFIG_LIBDIR_set=
ac_cv_env_PKG_CONFIG_LIBDIR_value=
ac_cv_env_PKG_CONFIG_PATH_set=
ac_cv_env_PKG_CONFIG_PATH_value=
ac_cv_env_PKG_CONFIG_set=
ac_cv_env_PKG_CONFIG_value=
ac_cv_env_UUID_CFLAGS_set=
ac_cv_env_UUID_CFLAGS_value=
ac_cv_env_UUID_LIBS_set=
ac_cv_env_UUID_LIBS_value=
ac_cv_env_ZLIB_CFLAGS_set=set
ac_cv_env_ZLIB_CFLAGS_value=-I//home/tplink/share/EAP772_gpl/PLATFORM/build/../apps/zlib-1.2.7/
ac_cv_env_ZLIB_LIBS_set=set
ac_cv_env_ZLIB_LIBS_value=-L//home/tplink/share/EAP772_gpl/PLATFORM/build/../apps/zlib-1.2.7/
ac_cv_env_ZSTD_CFLAGS_set=
ac_cv_env_ZSTD_CFLAGS_value=
ac_cv_env_ZSTD_LIBS_set=
ac_cv_env_ZSTD_LIBS_value=
ac_cv_env_build_alias_set=
ac_cv_env_build_alias_value=
ac_cv_env_host_alias_set=set
ac_cv_env_host_alias_value=aarch64-openwrt-linux
ac_cv_env_target_alias_set=
ac_cv_env_target_alias_value=
ac_cv_header_dlfcn_h=yes
ac_cv_header_execinfo_h=no
ac_cv_header_inttypes_h=yes
ac_cv_header_memory_h=yes
ac_cv_header_stdc=yes
ac_cv_header_stdint_h=yes
ac_cv_header_stdlib_h=yes
ac_cv_header_string_h=yes
ac_cv_header_strings_h=yes
ac_cv_header_sys_stat_h=yes
ac_cv_header_sys_types_h=yes
ac_cv_header_unistd_h=yes
ac_cv_host=aarch64-openwrt-linux-gnu
ac_cv_objext=o
ac_cv_path_EGREP='/usr/bin/grep -E'
ac_cv_path_FGREP='/usr/bin/grep -F'
ac_cv_path_GREP=/usr/bin/grep
ac_cv_path_SED=/usr/bin/sed
ac_cv_path_ac_pt_PKG_CONFIG=/usr/bin/pkg-config
ac_cv_path_install='/usr/bin/install -c'
ac_cv_path_lt_DD=/usr/bin/dd
ac_cv_path_mkdir=/usr/bin/mkdir
ac_cv_prog_AR=aarch64-openwrt-linux-ar
ac_cv_prog_AWK=gawk
ac_cv_prog_CC=aarch64-openwrt-linux-gcc
ac_cv_prog_CPP='aarch64-openwrt-linux-gcc -E'
ac_cv_prog_OBJDUMP=aarch64-openwrt-linux-objdump
ac_cv_prog_RANLIB=aarch64-openwrt-linux-ranlib
ac_cv_prog_STRIP=aarch64-openwrt-linux-strip
ac_cv_prog_ac_ct_MANIFEST_TOOL=mt
ac_cv_prog_cc_c89=
ac_cv_prog_cc_g=yes
ac_cv_prog_make_make_set=yes
ac_cv_sizeof_loff_t=0
ac_cv_sizeof_off_t=8
am_cv_CC_dependencies_compiler_type=gcc3
am_cv_make_support_nested_variables=yes
am_cv_prog_cc_c_o=yes
lt_cv_ar_at_file=@
lt_cv_archive_cmds_need_lc=no
lt_cv_deplibs_check_method=pass_all
lt_cv_file_magic_cmd='$MAGIC_CMD'
lt_cv_file_magic_test_file=
lt_cv_ld_reload_flag=-r
lt_cv_nm_interface='BSD nm'
lt_cv_objdir=.libs
lt_cv_path_LD=aarch64-openwrt-linux-ld
lt_cv_path_NM='/home/tplink/share/EAP772_gpl/PLATFORM/build/../build/toolchain/toolchain-aarch64_cortex-a73_gcc-7.5.0_musl/./usr/../bin/aarch64-openwrt-linux-nm -B'
lt_cv_path_mainfest_tool=no
lt_cv_prog_compiler_c_o=yes
lt_cv_prog_compiler_pic='-fPIC -DPIC'
lt_cv_prog_compiler_pic_works=yes
lt_cv_prog_compiler_rtti_exceptions=no
lt_cv_prog_compiler_static_works=yes
lt_cv_prog_gnu_ld=yes
lt_cv_sharedlib_from_linklib_cmd='printf %s\n'
lt_cv_shlibpath_overrides_runpath=no
lt_cv_sys_global_symbol_pipe='sed -n -e '\''s/^.*[	 ]\([ABCDGIRSTW][ABCDGIRSTW]*\)[	 ][	 ]*\([_A-Za-z][_A-Za-z0-9]*\)$/\1 \2 \2/p'\'' | sed '\''/ __gnu_lto/d'\'''
lt_cv_sys_global_symbol_to_c_name_address='sed -n -e '\''s/^: \(.*\) .*$/  {"\1", (void *) 0},/p'\'' -e '\''s/^[ABCDGIRSTW][ABCDGIRSTW]* .* \(.*\)$/  {"\1", (void *) \&\1},/p'\'''
lt_cv_sys_global_symbol_to_c_name_address_lib_prefix='sed -n -e '\''s/^: \(.*\) .*$/  {"\1", (void *) 0},/p'\'' -e '\''s/^[ABCDGIRSTW][ABCDGIRSTW]* .* \(lib.*\)$/  {"\1", (void *) \&\1},/p'\'' -e '\''s/^[ABCDGIRSTW][ABCDGIRSTW]* .* \(.*\)$/  {"lib\1", (void *) \&\1},/p'\'''
lt_cv_sys_global_symbol_to_cdecl='sed -n -e '\''s/^T .* \(.*\)$/extern int \1();/p'\'' -e '\''s/^[ABCDGIRSTW][ABCDGIRSTW]* .* \(.*\)$/extern char \1;/p'\'''
lt_cv_sys_global_symbol_to_import=
lt_cv_sys_max_cmd_len=1572864
lt_cv_to_host_file_cmd=func_convert_file_noop
lt_cv_to_tool_file_cmd=func_convert_file_noop
lt_cv_truncate_bin='/usr/bin/dd bs=4096 count=1'
ul_cv_warn__Wall=yes
ul_cv_warn__Wduplicated_branches=yes
ul_cv_warn__Wduplicated_cond=yes
ul_cv_warn__Wextra=yes
ul_cv_warn__Winit_self=yes
ul_cv_warn__Wjump_misses_init=yes
ul_cv_warn__Wlogical_op=yes
ul_cv_warn__Wmissing_declarations=yes
ul_cv_warn__Wmissing_prototypes=yes
ul_cv_warn__Wno_shadow=yes
ul_cv_warn__Wno_sign_compare=yes
ul_cv_warn__Wnull_dereference=yes
ul_cv_warn__Wrestrict=yes
ul_cv_warn__Wuninitialized=yes
ul_cv_warn__Wunused=yes
ul_cv_warn__Wunused_but_set_parameter=yes
ul_cv_warn__Wunused_but_set_variable=yes
ul_cv_warn__Wunused_parameter=yes
ul_cv_warn__Wunused_result=yes
ul_cv_warn__Wunused_variable=yes
ul_cv_warn__Wwrite_strings=yes

## ----------------- ##
## Output variables. ##
## ----------------- ##

ACLOCAL='${SHELL} /home/tplink/share/EAP772_gpl/PLATFORM/apps/mtd-utils-2.1.1/missing aclocal-1.16'
AMDEPBACKSLASH='\'
AMDEP_FALSE='#'
AMDEP_TRUE=''
AMTAR='$${TAR-tar}'
AM_BACKSLASH='\'
AM_DEFAULT_V='$(AM_DEFAULT_VERBOSITY)'
AM_DEFAULT_VERBOSITY='0'
AM_V='$(V)'
AR='aarch64-openwrt-linux-ar'
AUTOCONF='${SHELL} /home/tplink/share/EAP772_gpl/PLATFORM/apps/mtd-utils-2.1.1/missing autoconf'
AUTOHEADER='${SHELL} /home/tplink/share/EAP772_gpl/PLATFORM/apps/mtd-utils-2.1.1/missing autoheader'
AUTOMAKE='${SHELL} /home/tplink/share/EAP772_gpl/PLATFORM/apps/mtd-utils-2.1.1/missing automake-1.16'
AWK='gawk'
BUILD_JFFSX_FALSE=''
BUILD_JFFSX_TRUE='#'
BUILD_LSMTD_FALSE='#'
BUILD_LSMTD_TRUE=''
BUILD_TESTS_FALSE=''
BUILD_TESTS_TRUE='#'
BUILD_UBIFS_FALSE=''
BUILD_UBIFS_TRUE='#'
CC='aarch64-openwrt-linux-gcc'
CCDEPMODE='depmode=gcc3'
CFLAGS='-g -O2'
CMOCKA_CFLAGS=''
CMOCKA_LIBS=''
CPP='aarch64-openwrt-linux-gcc -E'
CPPFLAGS=''
CYGPATH_W='echo'
DEFS='-DHAVE_CONFIG_H'
DEPDIR='.deps'
DLLTOOL='false'
DSYMUTIL=''
DUMPBIN=''
ECHO_C=''
ECHO_N='-n'
ECHO_T=''
EGREP='/usr/bin/grep -E'
EXEEXT=''
FGREP='/usr/bin/grep -F'
GREP='/usr/bin/grep'
INSTALL_DATA='${INSTALL} -m 644'
INSTALL_PROGRAM='${INSTALL}'
INSTALL_SCRIPT='${INSTALL}'
INSTALL_STRIP_PROGRAM='$(install_sh) -c -s'
INSTALL_TESTS_FALSE=''
INSTALL_TESTS_TRUE='#'
LD='aarch64-openwrt-linux-ld'
LDFLAGS=''
LIBOBJS=''
LIBS=''
LIBSELINUX_CFLAGS=''
LIBSELINUX_LIBS=''
LIBTOOL='$(SHELL) $(top_builddir)/libtool'
LIPO=''
LN_S='ln -s'
LTLIBOBJS=''
LT_SYS_LIBRARY_PATH=''
LZO_CFLAGS=''
LZO_LIBS=''
MAKEINFO='${SHELL} /home/tplink/share/EAP772_gpl/PLATFORM/apps/mtd-utils-2.1.1/missing makeinfo'
MANIFEST_TOOL=':'
MKDIR_P='/usr/bin/mkdir -p'
NM='/home/tplink/share/EAP772_gpl/PLATFORM/build/../build/toolchain/toolchain-aarch64_cortex-a73_gcc-7.5.0_musl/./usr/../bin/aarch64-openwrt-linux-nm -B'
NMEDIT=''
OBJDUMP='aarch64-openwrt-linux-objdump'
OBJEXT='o'
OPENSSL_CFLAGS=''
OPENSSL_LIBS=''
OTOOL64=''
OTOOL=''
PACKAGE='mtd-utils'
PACKAGE_BUGREPORT='linux-mtd@lists.infradead.org'
PACKAGE_NAME='mtd-utils'
PACKAGE_STRING='mtd-utils 2.1.1'
PACKAGE_TARNAME='mtd-utils'
PACKAGE_URL=''
PACKAGE_VERSION='2.1.1'
PATH_SEPARATOR=':'
PKG_CONFIG='/usr/bin/pkg-config'
PKG_CONFIG_LIBDIR=''
PKG_CONFIG_PATH=''
PTHREAD_CC=''
PTHREAD_CFLAGS=''
PTHREAD_LIBS=''
RANLIB='aarch64-openwrt-linux-ranlib'
SED='/usr/bin/sed'
SET_MAKE=''
SHELL='/bin/sh'
STRIP='aarch64-openwrt-linux-strip'
UNIT_TESTS_FALSE=''
UNIT_TESTS_TRUE='#'
UUID_CFLAGS=''
UUID_LIBS=''
VERSION='2.1.1'
WARN_CFLAGS=' -Wall -Wextra -Wunused -Wmissing-prototypes -Wmissing-declarations -Wwrite-strings -Wjump-misses-init -Wuninitialized -Winit-self -Wlogical-op -Wunused-but-set-parameter -Wunused-but-set-variable -Wunused-parameter -Wunused-result -Wunused-variable -Wduplicated-cond -Wduplicated-branches -Wrestrict -Wnull-dereference -Wno-shadow -Wno-sign-compare'
WITHOUT_LZO_FALSE='#'
WITHOUT_LZO_TRUE=''
WITHOUT_XATTR_FALSE='#'
WITHOUT_XATTR_TRUE=''
WITHOUT_ZSTD_FALSE='#'
WITHOUT_ZSTD_TRUE=''
WITH_CRYPTO_FALSE=''
WITH_CRYPTO_TRUE='#'
WITH_SELINUX_FALSE=''
WITH_SELINUX_TRUE='#'
ZLIB_CFLAGS='-I//home/tplink/share/EAP772_gpl/PLATFORM/build/../apps/zlib-1.2.7/'
ZLIB_LIBS='-L//home/tplink/share/EAP772_gpl/PLATFORM/build/../apps/zlib-1.2.7/'
ZSTD_CFLAGS=''
ZSTD_LIBS=''
ac_ct_AR=''
ac_ct_CC=''
ac_ct_DUMPBIN=''
am__EXEEXT_FALSE=''
am__EXEEXT_TRUE='#'
am__fastdepCC_FALSE='#'
am__fastdepCC_TRUE=''
am__include='include'
am__isrc=''
am__leading_dot='.'
am__nodep='_no'
am__quote=''
am__tar='$${TAR-tar} chof - "$$tardir"'
am__untar='$${TAR-tar} xf -'
ax_pthread_config=''
bindir='${exec_prefix}/bin'
build='x86_64-pc-linux-gnu'
build_alias=''
build_cpu='x86_64'
build_os='linux-gnu'
build_vendor='pc'
datadir='${datarootdir}'
datarootdir='${prefix}/share'
docdir='${datarootdir}/doc/${PACKAGE_TARNAME}'
dvidir='${docdir}'
exec_prefix='${prefix}'
host='aarch64-openwrt-linux-gnu'
host_alias='aarch64-openwrt-linux'
host_cpu='aarch64'
host_os='linux-gnu'
host_vendor='openwrt'
htmldir='${docdir}'
includedir='${prefix}/include'
infodir='${datarootdir}/info'
install_sh='${SHELL} /home/tplink/share/EAP772_gpl/PLATFORM/apps/mtd-utils-2.1.1/install-sh'
libdir='${exec_prefix}/lib'
libexecdir='${exec_prefix}/libexec'
localedir='${datarootdir}/locale'
localstatedir='${prefix}/var'
mandir='${datarootdir}/man'
mkdir_p='$(MKDIR_P)'
oldincludedir='/usr/include'
pdfdir='${docdir}'
prefix='/home/tplink/share/EAP772_gpl/PLATFORM/build/../images/eap/ipq53xx_eap7xx_common/rootfs'
program_transform_name='s,x,x,'
psdir='${docdir}'
runstatedir='${localstatedir}/run'
sbindir='${exec_prefix}/sbin'
sharedstatedir='${prefix}/com'
sysconfdir='${prefix}/etc'
target_alias=''
testbindir='"."'

## ----------- ##
## confdefs.h. ##
## ----------- ##

/* confdefs.h */
#define PACKAGE_NAME "mtd-utils"
#define PACKAGE_TARNAME "mtd-utils"
#define PACKAGE_VERSION "2.1.1"
#define PACKAGE_STRING "mtd-utils 2.1.1"
#define PACKAGE_BUGREPORT "linux-mtd@lists.infradead.org"
#define PACKAGE_URL ""
#define PACKAGE "mtd-utils"
#define VERSION "2.1.1"
#define STDC_HEADERS 1
#define HAVE_SYS_TYPES_H 1
#define HAVE_SYS_STAT_H 1
#define HAVE_STDLIB_H 1
#define HAVE_STRING_H 1
#define HAVE_MEMORY_H 1
#define HAVE_STRINGS_H 1
#define HAVE_INTTYPES_H 1
#define HAVE_STDINT_H 1
#define HAVE_UNISTD_H 1
#define HAVE_DLFCN_H 1
#define LT_OBJDIR ".libs/"
#define SIZEOF_OFF_T 8
#define SIZEOF_LOFF_T 0

configure: exit 0
