This file contains any messages produced by compilers while
running configure, to aid debugging if configure makes a mistake.

It was created by configure, which was
generated by GNU Autoconf 2.69.  Invocation command line was

  $ ./configure --build=i686-linux --host=aarch64-openwrt-linux --prefix=/home/tplink/share/EAP772_gpl/PLATFORM/build/../images/eap/ipq53xx_eap7xx_common/rootfs --target=aarch64-openwrt-linux --enable-shared=yes

## --------- ##
## Platform. ##
## --------- ##

hostname = tplink
uname -m = x86_64
uname -r = 5.15.0-113-generic
uname -s = Linux
uname -v = #123~20.04.1-Ubuntu SMP Wed Jun 12 17:33:13 UTC 2024

/usr/bin/uname -p = x86_64
/bin/uname -X     = unknown

/bin/arch              = x86_64
/usr/bin/arch -k       = unknown
/usr/convex/getsysinfo = unknown
/usr/bin/hostinfo      = unknown
/bin/machine           = unknown
/usr/bin/oslevel       = unknown
/bin/universe          = unknown

PATH: /home/tplink/share/EAP772_gpl/PLATFORM/build/../toolchain/util
PATH: /home/tplink/share/EAP772_gpl/PLATFORM/build/../build/toolchain/toolchain-aarch64_cortex-a73_gcc-7.5.0_musl/./usr/../usr/bin
PATH: /home/tplink/share/EAP772_gpl/PLATFORM/build/../build/toolchain/toolchain-aarch64_cortex-a73_gcc-7.5.0_musl/./usr/../bin
PATH: `pwd`
PATH: /home/tplink/share/EAP772_gpl/PLATFORM/build/../toolchain/util
PATH: /home/tplink/share/EAP772_gpl/PLATFORM/build/../build/toolchain/toolchain-aarch64_cortex-a73_gcc-7.5.0_musl/./usr/../usr/bin
PATH: /home/tplink/share/EAP772_gpl/PLATFORM/build/../build/toolchain/toolchain-aarch64_cortex-a73_gcc-7.5.0_musl/./usr/../bin
PATH: `pwd`
PATH: /home/tplink/share/EAP772_gpl/PLATFORM/build/../toolchain/util
PATH: /home/tplink/share/EAP772_gpl/PLATFORM/build/../build/toolchain/toolchain-aarch64_cortex-a73_gcc-7.5.0_musl/./usr/../usr/bin
PATH: /home/tplink/share/EAP772_gpl/PLATFORM/build/../build/toolchain/toolchain-aarch64_cortex-a73_gcc-7.5.0_musl/./usr/../bin
PATH: `pwd`
PATH: /usr/local/sbin
PATH: /usr/local/bin
PATH: /usr/sbin
PATH: /usr/bin
PATH: /sbin
PATH: /bin
PATH: /usr/games
PATH: /usr/local/games
PATH: /snap/bin


## ----------- ##
## Core tests. ##
## ----------- ##

configure:2249: checking for a BSD-compatible install
configure:2317: result: /usr/bin/install -c
configure:2328: checking whether build environment is sane
configure:2383: result: yes
configure:2440: checking for aarch64-openwrt-linux-strip
configure:2456: found /home/tplink/share/EAP772_gpl/PLATFORM/build/../build/toolchain/toolchain-aarch64_cortex-a73_gcc-7.5.0_musl/./usr/../bin/aarch64-openwrt-linux-strip
configure:2467: result: aarch64-openwrt-linux-strip
configure:2532: checking for a thread-safe mkdir -p
configure:2571: result: /usr/bin/mkdir -p
configure:2578: checking for gawk
configure:2594: found /usr/bin/gawk
configure:2605: result: gawk
configure:2616: checking whether make sets $(MAKE)
configure:2638: result: yes
configure:2667: checking whether make supports nested variables
configure:2684: result: yes
configure:2814: checking whether to enable maintainer-specific portions of Makefiles
configure:2823: result: no
configure:2845: checking for aarch64-openwrt-linux-gcc
configure:2861: found /home/tplink/share/EAP772_gpl/PLATFORM/build/../build/toolchain/toolchain-aarch64_cortex-a73_gcc-7.5.0_musl/./usr/../bin/aarch64-openwrt-linux-gcc
configure:2872: result: aarch64-openwrt-linux-gcc
configure:3141: checking for C compiler version
configure:3150: aarch64-openwrt-linux-gcc --version >&5
aarch64-openwrt-linux-gcc (OpenWrt GCC 7.5.0 r0+12639-06c3e84) 7.5.0
Copyright (C) 2017 Free Software Foundation, Inc.
This is free software; see the source for copying conditions.  There is NO
warranty; not even for MERCHANTABILITY or FITNESS FOR A PARTICULAR PURPOSE.

configure:3161: $? = 0
configure:3150: aarch64-openwrt-linux-gcc -v >&5
Reading specs from /home/tplink/share/EAP772_gpl/PLATFORM/build/toolchain/toolchain-aarch64_cortex-a73_gcc-7.5.0_musl/bin/../lib/gcc/aarch64-openwrt-linux-musl/7.5.0/specs
COLLECT_GCC=aarch64-openwrt-linux-gcc
COLLECT_LTO_WRAPPER=/home/tplink/share/EAP772_gpl/PLATFORM/build/toolchain/toolchain-aarch64_cortex-a73_gcc-7.5.0_musl/bin/../libexec/gcc/aarch64-openwrt-linux-musl/7.5.0/lto-wrapper
Target: aarch64-openwrt-linux-musl
Configured with: /opt/devl1/sdk/qsdk_spf12.1_ED1/SPF_12.1_ED1/qsdk/build_dir/toolchain-aarch64/gcc-7.5.0/configure --with-bugurl=http://bugs.openwrt.org/ --with-pkgversion='OpenWrt GCC 7.5.0 r0+12639-06c3e84' --prefix=/opt/devl1/sdk/qsdk_spf12.1_ED1/SPF_12.1_ED1/qsdk/staging_dir/toolchain-aarch64 --build=x86_64-pc-linux-gnu --host=x86_64-pc-linux-gnu --target=aarch64-openwrt-linux-musl --with-gnu-ld --enable-target-optspace --disable-libgomp --disable-libmudflap --disable-multilib --disable-libmpx --disable-nls --without-isl --without-cloog --with-host-libstdcxx=-lstdc++ --with-gmp=/opt/devl1/sdk/qsdk_spf12.1_ED1/SPF_12.1_ED1/qsdk/staging_dir/host --with-mpfr=/opt/devl1/sdk/qsdk_spf12.1_ED1/SPF_12.1_ED1/qsdk/staging_dir/host --with-mpc=/opt/devl1/sdk/qsdk_spf12.1_ED1/SPF_12.1_ED1/qsdk/staging_dir/host --disable-decimal-float --with-diagnostics-color=auto-if-env --disable-libssp --enable-__cxa_atexit --with-arch=armv8-a --with-headers=/opt/devl1/sdk/qsdk_spf12.1_ED1/SPF_12.1_ED1/qsdk/staging_dir/toolchain-aarch64/include --disable-libsanitizer --enable-languages=c,c++ --enable-shared --enable-threads --with-slibdir=/opt/devl1/sdk/qsdk_spf12.1_ED1/SPF_12.1_ED1/qsdk/staging_dir/toolchain-aarch64/lib --enable-lto --with-libelf=/opt/devl1/sdk/qsdk_spf12.1_ED1/SPF_12.1_ED1/qsdk/staging_dir/host
Thread model: posix
gcc version 7.5.0 (OpenWrt GCC 7.5.0 r0+12639-06c3e84) 
configure:3161: $? = 0
configure:3150: aarch64-openwrt-linux-gcc -V >&5
aarch64-openwrt-linux-gcc: error: unrecognized command line option '-V'
aarch64-openwrt-linux-gcc: fatal error: no input files
compilation terminated.
configure:3161: $? = 1
configure:3150: aarch64-openwrt-linux-gcc -qversion >&5
aarch64-openwrt-linux-gcc: error: unrecognized command line option '-qversion'; did you mean '--version'?
aarch64-openwrt-linux-gcc: fatal error: no input files
compilation terminated.
configure:3161: $? = 1
configure:3181: checking whether the C compiler works
configure:3203: aarch64-openwrt-linux-gcc    conftest.c  >&5
configure:3207: $? = 0
configure:3255: result: yes
configure:3258: checking for C compiler default output file name
configure:3260: result: a.out
configure:3266: checking for suffix of executables
configure:3273: aarch64-openwrt-linux-gcc -o conftest    conftest.c  >&5
configure:3277: $? = 0
configure:3299: result: 
configure:3321: checking whether we are cross compiling
configure:3359: result: yes
configure:3364: checking for suffix of object files
configure:3386: aarch64-openwrt-linux-gcc -c   conftest.c >&5
configure:3390: $? = 0
configure:3411: result: o
configure:3415: checking whether we are using the GNU C compiler
configure:3434: aarch64-openwrt-linux-gcc -c   conftest.c >&5
configure:3434: $? = 0
configure:3443: result: yes
configure:3452: checking whether aarch64-openwrt-linux-gcc accepts -g
configure:3472: aarch64-openwrt-linux-gcc -c -g  conftest.c >&5
configure:3472: $? = 0
configure:3513: result: yes
configure:3530: checking for aarch64-openwrt-linux-gcc option to accept ISO C89
configure:3593: aarch64-openwrt-linux-gcc  -c -g -O2  conftest.c >&5
configure:3593: $? = 0
configure:3606: result: none needed
configure:3631: checking whether aarch64-openwrt-linux-gcc understands -c and -o together
configure:3653: aarch64-openwrt-linux-gcc -c conftest.c -o conftest2.o
configure:3656: $? = 0
configure:3653: aarch64-openwrt-linux-gcc -c conftest.c -o conftest2.o
configure:3656: $? = 0
configure:3668: result: yes
configure:3696: checking for style of include used by make
configure:3724: result: GNU
configure:3750: checking dependency style of aarch64-openwrt-linux-gcc
configure:3861: result: gcc3
configure:3913: checking build system type
configure:3927: result: i686-pc-linux-gnu
configure:3947: checking host system type
configure:3960: result: aarch64-openwrt-linux-gnu
configure:4001: checking how to print strings
configure:4028: result: printf
configure:4049: checking for a sed that does not truncate output
configure:4113: result: /usr/bin/sed
configure:4131: checking for grep that handles long lines and -e
configure:4189: result: /usr/bin/grep
configure:4194: checking for egrep
configure:4256: result: /usr/bin/grep -E
configure:4261: checking for fgrep
configure:4323: result: /usr/bin/grep -F
configure:4358: checking for ld used by aarch64-openwrt-linux-gcc
configure:4425: result: /home/tplink/share/EAP772_gpl/PLATFORM/build/toolchain/toolchain-aarch64_cortex-a73_gcc-7.5.0_musl/aarch64-openwrt-linux-musl/bin/ld
configure:4432: checking if the linker (/home/tplink/share/EAP772_gpl/PLATFORM/build/toolchain/toolchain-aarch64_cortex-a73_gcc-7.5.0_musl/aarch64-openwrt-linux-musl/bin/ld) is GNU ld
configure:4447: result: yes
configure:4459: checking for BSD- or MS-compatible name lister (nm)
configure:4508: result: /home/tplink/share/EAP772_gpl/PLATFORM/build/../build/toolchain/toolchain-aarch64_cortex-a73_gcc-7.5.0_musl/./usr/../bin/aarch64-openwrt-linux-nm -B
configure:4638: checking the name lister (/home/tplink/share/EAP772_gpl/PLATFORM/build/../build/toolchain/toolchain-aarch64_cortex-a73_gcc-7.5.0_musl/./usr/../bin/aarch64-openwrt-linux-nm -B) interface
configure:4645: aarch64-openwrt-linux-gcc -c -g -O3  conftest.c >&5
configure:4648: /home/tplink/share/EAP772_gpl/PLATFORM/build/../build/toolchain/toolchain-aarch64_cortex-a73_gcc-7.5.0_musl/./usr/../bin/aarch64-openwrt-linux-nm -B "conftest.o"
configure:4651: output
0000000000000000 B some_variable
configure:4652: result: BSD nm
configure:4655: checking whether ln -s works
configure:4659: result: yes
configure:4667: checking the maximum length of command line arguments
configure:4798: result: 1572864
configure:4815: checking whether the shell understands some XSI constructs
configure:4824: result: yes
configure:4828: checking whether the shell understands "+="
configure:4832: result: yes
configure:4867: checking how to convert i686-pc-linux-gnu file names to aarch64-openwrt-linux-gnu format
configure:4907: result: func_convert_file_noop
configure:4914: checking how to convert i686-pc-linux-gnu file names to toolchain format
configure:4934: result: func_convert_file_noop
configure:4941: checking for /home/tplink/share/EAP772_gpl/PLATFORM/build/toolchain/toolchain-aarch64_cortex-a73_gcc-7.5.0_musl/aarch64-openwrt-linux-musl/bin/ld option to reload object files
configure:4948: result: -r
configure:4982: checking for aarch64-openwrt-linux-objdump
configure:4998: found /home/tplink/share/EAP772_gpl/PLATFORM/build/../build/toolchain/toolchain-aarch64_cortex-a73_gcc-7.5.0_musl/./usr/../bin/aarch64-openwrt-linux-objdump
configure:5009: result: aarch64-openwrt-linux-objdump
configure:5081: checking how to recognize dependent libraries
configure:5279: result: pass_all
configure:5324: checking for aarch64-openwrt-linux-dlltool
configure:5354: result: no
configure:5364: checking for dlltool
configure:5394: result: no
configure:5424: checking how to associate runtime and link libraries
configure:5451: result: printf %s\n
configure:5468: checking for aarch64-openwrt-linux-ar
configure:5484: found /home/tplink/share/EAP772_gpl/PLATFORM/build/../build/toolchain/toolchain-aarch64_cortex-a73_gcc-7.5.0_musl/./usr/../bin/aarch64-openwrt-linux-ar
configure:5495: result: aarch64-openwrt-linux-ar
configure:5576: checking for archiver @FILE support
configure:5593: aarch64-openwrt-linux-gcc -c -g -O3  conftest.c >&5
configure:5593: $? = 0
configure:5596: aarch64-openwrt-linux-ar cru libconftest.a @conftest.lst >&5
aarch64-openwrt-linux-ar: `u' modifier ignored since `D' is the default (see `U')
configure:5599: $? = 0
configure:5604: aarch64-openwrt-linux-ar cru libconftest.a @conftest.lst >&5
aarch64-openwrt-linux-ar: `u' modifier ignored since `D' is the default (see `U')
aarch64-openwrt-linux-ar: conftest.o: No such file or directory
configure:5607: $? = 1
configure:5606: result: @
configure:5624: checking for aarch64-openwrt-linux-strip
configure:5651: result: aarch64-openwrt-linux-strip
configure:5723: checking for aarch64-openwrt-linux-ranlib
configure:5739: found /home/tplink/share/EAP772_gpl/PLATFORM/build/../build/toolchain/toolchain-aarch64_cortex-a73_gcc-7.5.0_musl/./usr/../bin/aarch64-openwrt-linux-ranlib
configure:5750: result: aarch64-openwrt-linux-ranlib
configure:5892: checking command to parse /home/tplink/share/EAP772_gpl/PLATFORM/build/../build/toolchain/toolchain-aarch64_cortex-a73_gcc-7.5.0_musl/./usr/../bin/aarch64-openwrt-linux-nm -B output from aarch64-openwrt-linux-gcc object
configure:6012: aarch64-openwrt-linux-gcc -c -g -O3  conftest.c >&5
configure:6015: $? = 0
configure:6019: /home/tplink/share/EAP772_gpl/PLATFORM/build/../build/toolchain/toolchain-aarch64_cortex-a73_gcc-7.5.0_musl/./usr/../bin/aarch64-openwrt-linux-nm -B conftest.o \| sed -n -e 's/^.*[ ]\([ABCDGIRSTW][ABCDGIRSTW]*\)[ ][ ]*\([_A-Za-z][_A-Za-z0-9]*\)$/\1 \2 \2/p' | sed '/ __gnu_lto/d' \> conftest.nm
configure:6022: $? = 0
configure:6088: aarch64-openwrt-linux-gcc -o conftest -g -O3   conftest.c conftstm.o >&5
configure:6091: $? = 0
configure:6129: result: ok
configure:6166: checking for sysroot
configure:6196: result: no
configure:6425: checking for aarch64-openwrt-linux-mt
configure:6455: result: no
configure:6465: checking for mt
configure:6481: found /usr/bin/mt
configure:6492: result: mt
configure:6504: WARNING: using cross tools not prefixed with host triplet
configure:6515: checking if mt is a manifest tool
configure:6521: mt '-?'
configure:6529: result: no
configure:7171: checking how to run the C preprocessor
configure:7202: aarch64-openwrt-linux-gcc -E  conftest.c
configure:7202: $? = 0
configure:7216: aarch64-openwrt-linux-gcc -E  conftest.c
conftest.c:11:10: fatal error: ac_nonexistent.h: No such file or directory
 #include <ac_nonexistent.h>
          ^~~~~~~~~~~~~~~~~~
compilation terminated.
configure:7216: $? = 1
configure: failed program was:
| /* confdefs.h */
| #define PACKAGE_NAME ""
| #define PACKAGE_TARNAME ""
| #define PACKAGE_VERSION ""
| #define PACKAGE_STRING ""
| #define PACKAGE_BUGREPORT ""
| #define PACKAGE_URL ""
| #define PACKAGE "libev"
| #define VERSION "4.22"
| /* end confdefs.h.  */
| #include <ac_nonexistent.h>
configure:7241: result: aarch64-openwrt-linux-gcc -E
configure:7261: aarch64-openwrt-linux-gcc -E  conftest.c
configure:7261: $? = 0
configure:7275: aarch64-openwrt-linux-gcc -E  conftest.c
conftest.c:11:10: fatal error: ac_nonexistent.h: No such file or directory
 #include <ac_nonexistent.h>
          ^~~~~~~~~~~~~~~~~~
compilation terminated.
configure:7275: $? = 1
configure: failed program was:
| /* confdefs.h */
| #define PACKAGE_NAME ""
| #define PACKAGE_TARNAME ""
| #define PACKAGE_VERSION ""
| #define PACKAGE_STRING ""
| #define PACKAGE_BUGREPORT ""
| #define PACKAGE_URL ""
| #define PACKAGE "libev"
| #define VERSION "4.22"
| /* end confdefs.h.  */
| #include <ac_nonexistent.h>
configure:7304: checking for ANSI C header files
configure:7324: aarch64-openwrt-linux-gcc -c -g -O3  conftest.c >&5
configure:7324: $? = 0
configure:7408: result: yes
configure:7421: checking for sys/types.h
configure:7421: aarch64-openwrt-linux-gcc -c -g -O3  conftest.c >&5
configure:7421: $? = 0
configure:7421: result: yes
configure:7421: checking for sys/stat.h
configure:7421: aarch64-openwrt-linux-gcc -c -g -O3  conftest.c >&5
configure:7421: $? = 0
configure:7421: result: yes
configure:7421: checking for stdlib.h
configure:7421: aarch64-openwrt-linux-gcc -c -g -O3  conftest.c >&5
configure:7421: $? = 0
configure:7421: result: yes
configure:7421: checking for string.h
configure:7421: aarch64-openwrt-linux-gcc -c -g -O3  conftest.c >&5
configure:7421: $? = 0
configure:7421: result: yes
configure:7421: checking for memory.h
configure:7421: aarch64-openwrt-linux-gcc -c -g -O3  conftest.c >&5
configure:7421: $? = 0
configure:7421: result: yes
configure:7421: checking for strings.h
configure:7421: aarch64-openwrt-linux-gcc -c -g -O3  conftest.c >&5
configure:7421: $? = 0
configure:7421: result: yes
configure:7421: checking for inttypes.h
configure:7421: aarch64-openwrt-linux-gcc -c -g -O3  conftest.c >&5
configure:7421: $? = 0
configure:7421: result: yes
configure:7421: checking for stdint.h
configure:7421: aarch64-openwrt-linux-gcc -c -g -O3  conftest.c >&5
configure:7421: $? = 0
configure:7421: result: yes
configure:7421: checking for unistd.h
configure:7421: aarch64-openwrt-linux-gcc -c -g -O3  conftest.c >&5
configure:7421: $? = 0
configure:7421: result: yes
configure:7435: checking for dlfcn.h
configure:7435: aarch64-openwrt-linux-gcc -c -g -O3  conftest.c >&5
configure:7435: $? = 0
configure:7435: result: yes
configure:7641: checking for objdir
configure:7656: result: .libs
configure:7923: checking if aarch64-openwrt-linux-gcc supports -fno-rtti -fno-exceptions
configure:7941: aarch64-openwrt-linux-gcc -c -g -O3  -fno-rtti -fno-exceptions conftest.c >&5
cc1: warning: command line option '-fno-rtti' is valid for C++/ObjC++ but not for C
configure:7945: $? = 0
configure:7958: result: no
configure:8285: checking for aarch64-openwrt-linux-gcc option to produce PIC
configure:8292: result: -fPIC -DPIC
configure:8300: checking if aarch64-openwrt-linux-gcc PIC flag -fPIC -DPIC works
configure:8318: aarch64-openwrt-linux-gcc -c -g -O3  -fPIC -DPIC -DPIC conftest.c >&5
configure:8322: $? = 0
configure:8335: result: yes
configure:8364: checking if aarch64-openwrt-linux-gcc static flag -static works
configure:8392: result: yes
configure:8407: checking if aarch64-openwrt-linux-gcc supports -c -o file.o
configure:8428: aarch64-openwrt-linux-gcc -c -g -O3  -o out/conftest2.o conftest.c >&5
configure:8432: $? = 0
configure:8454: result: yes
configure:8462: checking if aarch64-openwrt-linux-gcc supports -c -o file.o
configure:8509: result: yes
configure:8542: checking whether the aarch64-openwrt-linux-gcc linker (/home/tplink/share/EAP772_gpl/PLATFORM/build/toolchain/toolchain-aarch64_cortex-a73_gcc-7.5.0_musl/aarch64-openwrt-linux-musl/bin/ld) supports shared libraries
configure:9699: result: yes
configure:9736: checking whether -lc should be explicitly linked in
configure:9744: aarch64-openwrt-linux-gcc -c -g -O3  conftest.c >&5
configure:9747: $? = 0
configure:9762: aarch64-openwrt-linux-gcc -shared  -fPIC -DPIC conftest.o  -v -Wl,-soname -Wl,conftest -o conftest 2\>\&1 \| /usr/bin/grep  -lc  \>/dev/null 2\>\&1
configure:9765: $? = 0
configure:9779: result: no
configure:9939: checking dynamic linker characteristics
configure:10439: aarch64-openwrt-linux-gcc -o conftest -g -O3   -Wl,-rpath -Wl,/foo conftest.c  >&5
configure:10439: $? = 0
configure:10673: result: GNU/Linux ld.so
configure:10780: checking how to hardcode library paths into programs
configure:10805: result: immediate
configure:11345: checking whether stripping libraries is possible
configure:11350: result: yes
configure:11385: checking if libtool supports shared libraries
configure:11387: result: yes
configure:11390: checking whether to build shared libraries
configure:11411: result: yes
configure:11414: checking whether to build static libraries
configure:11418: result: yes
configure:8465: checking sys/inotify.h usability
configure:8465: aarch64-openwrt-linux-gcc -c -g -O3  conftest.c >&5
configure:8465: $? = 0
configure:8465: result: yes
configure:8465: checking sys/inotify.h presence
configure:8465: aarch64-openwrt-linux-gcc -E  conftest.c
configure:8465: $? = 0
configure:8465: result: yes
configure:8465: checking for sys/inotify.h
configure:8465: result: yes
configure:8465: checking sys/epoll.h usability
configure:8465: aarch64-openwrt-linux-gcc -c -g -O3  conftest.c >&5
configure:8465: $? = 0
configure:8465: result: yes
configure:8465: checking sys/epoll.h presence
configure:8465: aarch64-openwrt-linux-gcc -E  conftest.c
configure:8465: $? = 0
configure:8465: result: yes
configure:8465: checking for sys/epoll.h
configure:8465: result: yes
configure:8465: checking sys/event.h usability
configure:8465: aarch64-openwrt-linux-gcc -c -g -O3  conftest.c >&5
conftest.c:58:10: fatal error: sys/event.h: No such file or directory
 #include <sys/event.h>
          ^~~~~~~~~~~~~
compilation terminated.
configure:8465: $? = 1
configure: failed program was:
| /* confdefs.h */
| #define PACKAGE_NAME ""
| #define PACKAGE_TARNAME ""
| #define PACKAGE_VERSION ""
| #define PACKAGE_STRING ""
| #define PACKAGE_BUGREPORT ""
| #define PACKAGE_URL ""
| #define PACKAGE "libev"
| #define VERSION "4.22"
| #define STDC_HEADERS 1
| #define HAVE_SYS_TYPES_H 1
| #define HAVE_SYS_STAT_H 1
| #define HAVE_STDLIB_H 1
| #define HAVE_STRING_H 1
| #define HAVE_MEMORY_H 1
| #define HAVE_STRINGS_H 1
| #define HAVE_INTTYPES_H 1
| #define HAVE_STDINT_H 1
| #define HAVE_UNISTD_H 1
| #define HAVE_DLFCN_H 1
| #define LT_OBJDIR ".libs/"
| #define HAVE_SYS_INOTIFY_H 1
| #define HAVE_SYS_EPOLL_H 1
| /* end confdefs.h.  */
| #include <stdio.h>
| #ifdef HAVE_SYS_TYPES_H
| # include <sys/types.h>
| #endif
| #ifdef HAVE_SYS_STAT_H
| # include <sys/stat.h>
| #endif
| #ifdef STDC_HEADERS
| # include <stdlib.h>
| # include <stddef.h>
| #else
| # ifdef HAVE_STDLIB_H
| #  include <stdlib.h>
| # endif
| #endif
| #ifdef HAVE_STRING_H
| # if !defined STDC_HEADERS && defined HAVE_MEMORY_H
| #  include <memory.h>
| # endif
| # include <string.h>
| #endif
| #ifdef HAVE_STRINGS_H
| # include <strings.h>
| #endif
| #ifdef HAVE_INTTYPES_H
| # include <inttypes.h>
| #endif
| #ifdef HAVE_STDINT_H
| # include <stdint.h>
| #endif
| #ifdef HAVE_UNISTD_H
| # include <unistd.h>
| #endif
| #include <sys/event.h>
configure:8465: result: no
configure:8465: checking sys/event.h presence
configure:8465: aarch64-openwrt-linux-gcc -E  conftest.c
conftest.c:25:10: fatal error: sys/event.h: No such file or directory
 #include <sys/event.h>
          ^~~~~~~~~~~~~
compilation terminated.
configure:8465: $? = 1
configure: failed program was:
| /* confdefs.h */
| #define PACKAGE_NAME ""
| #define PACKAGE_TARNAME ""
| #define PACKAGE_VERSION ""
| #define PACKAGE_STRING ""
| #define PACKAGE_BUGREPORT ""
| #define PACKAGE_URL ""
| #define PACKAGE "libev"
| #define VERSION "4.22"
| #define STDC_HEADERS 1
| #define HAVE_SYS_TYPES_H 1
| #define HAVE_SYS_STAT_H 1
| #define HAVE_STDLIB_H 1
| #define HAVE_STRING_H 1
| #define HAVE_MEMORY_H 1
| #define HAVE_STRINGS_H 1
| #define HAVE_INTTYPES_H 1
| #define HAVE_STDINT_H 1
| #define HAVE_UNISTD_H 1
| #define HAVE_DLFCN_H 1
| #define LT_OBJDIR ".libs/"
| #define HAVE_SYS_INOTIFY_H 1
| #define HAVE_SYS_EPOLL_H 1
| /* end confdefs.h.  */
| #include <sys/event.h>
configure:8465: result: no
configure:8465: checking for sys/event.h
configure:8465: result: no
configure:8465: checking port.h usability
configure:8465: aarch64-openwrt-linux-gcc -c -g -O3  conftest.c >&5
conftest.c:58:10: fatal error: port.h: No such file or directory
 #include <port.h>
          ^~~~~~~~
compilation terminated.
configure:8465: $? = 1
configure: failed program was:
| /* confdefs.h */
| #define PACKAGE_NAME ""
| #define PACKAGE_TARNAME ""
| #define PACKAGE_VERSION ""
| #define PACKAGE_STRING ""
| #define PACKAGE_BUGREPORT ""
| #define PACKAGE_URL ""
| #define PACKAGE "libev"
| #define VERSION "4.22"
| #define STDC_HEADERS 1
| #define HAVE_SYS_TYPES_H 1
| #define HAVE_SYS_STAT_H 1
| #define HAVE_STDLIB_H 1
| #define HAVE_STRING_H 1
| #define HAVE_MEMORY_H 1
| #define HAVE_STRINGS_H 1
| #define HAVE_INTTYPES_H 1
| #define HAVE_STDINT_H 1
| #define HAVE_UNISTD_H 1
| #define HAVE_DLFCN_H 1
| #define LT_OBJDIR ".libs/"
| #define HAVE_SYS_INOTIFY_H 1
| #define HAVE_SYS_EPOLL_H 1
| /* end confdefs.h.  */
| #include <stdio.h>
| #ifdef HAVE_SYS_TYPES_H
| # include <sys/types.h>
| #endif
| #ifdef HAVE_SYS_STAT_H
| # include <sys/stat.h>
| #endif
| #ifdef STDC_HEADERS
| # include <stdlib.h>
| # include <stddef.h>
| #else
| # ifdef HAVE_STDLIB_H
| #  include <stdlib.h>
| # endif
| #endif
| #ifdef HAVE_STRING_H
| # if !defined STDC_HEADERS && defined HAVE_MEMORY_H
| #  include <memory.h>
| # endif
| # include <string.h>
| #endif
| #ifdef HAVE_STRINGS_H
| # include <strings.h>
| #endif
| #ifdef HAVE_INTTYPES_H
| # include <inttypes.h>
| #endif
| #ifdef HAVE_STDINT_H
| # include <stdint.h>
| #endif
| #ifdef HAVE_UNISTD_H
| # include <unistd.h>
| #endif
| #include <port.h>
configure:8465: result: no
configure:8465: checking port.h presence
configure:8465: aarch64-openwrt-linux-gcc -E  conftest.c
conftest.c:25:10: fatal error: port.h: No such file or directory
 #include <port.h>
          ^~~~~~~~
compilation terminated.
configure:8465: $? = 1
configure: failed program was:
| /* confdefs.h */
| #define PACKAGE_NAME ""
| #define PACKAGE_TARNAME ""
| #define PACKAGE_VERSION ""
| #define PACKAGE_STRING ""
| #define PACKAGE_BUGREPORT ""
| #define PACKAGE_URL ""
| #define PACKAGE "libev"
| #define VERSION "4.22"
| #define STDC_HEADERS 1
| #define HAVE_SYS_TYPES_H 1
| #define HAVE_SYS_STAT_H 1
| #define HAVE_STDLIB_H 1
| #define HAVE_STRING_H 1
| #define HAVE_MEMORY_H 1
| #define HAVE_STRINGS_H 1
| #define HAVE_INTTYPES_H 1
| #define HAVE_STDINT_H 1
| #define HAVE_UNISTD_H 1
| #define HAVE_DLFCN_H 1
| #define LT_OBJDIR ".libs/"
| #define HAVE_SYS_INOTIFY_H 1
| #define HAVE_SYS_EPOLL_H 1
| /* end confdefs.h.  */
| #include <port.h>
configure:8465: result: no
configure:8465: checking for port.h
configure:8465: result: no
configure:8465: checking poll.h usability
configure:8465: aarch64-openwrt-linux-gcc -c -g -O3  conftest.c >&5
configure:8465: $? = 0
configure:8465: result: yes
configure:8465: checking poll.h presence
configure:8465: aarch64-openwrt-linux-gcc -E  conftest.c
configure:8465: $? = 0
configure:8465: result: yes
configure:8465: checking for poll.h
configure:8465: result: yes
configure:8465: checking sys/select.h usability
configure:8465: aarch64-openwrt-linux-gcc -c -g -O3  conftest.c >&5
configure:8465: $? = 0
configure:8465: result: yes
configure:8465: checking sys/select.h presence
configure:8465: aarch64-openwrt-linux-gcc -E  conftest.c
configure:8465: $? = 0
configure:8465: result: yes
configure:8465: checking for sys/select.h
configure:8465: result: yes
configure:8465: checking sys/eventfd.h usability
configure:8465: aarch64-openwrt-linux-gcc -c -g -O3  conftest.c >&5
configure:8465: $? = 0
configure:8465: result: yes
configure:8465: checking sys/eventfd.h presence
configure:8465: aarch64-openwrt-linux-gcc -E  conftest.c
configure:8465: $? = 0
configure:8465: result: yes
configure:8465: checking for sys/eventfd.h
configure:8465: result: yes
configure:8465: checking sys/signalfd.h usability
configure:8465: aarch64-openwrt-linux-gcc -c -g -O3  conftest.c >&5
configure:8465: $? = 0
configure:8465: result: yes
configure:8465: checking sys/signalfd.h presence
configure:8465: aarch64-openwrt-linux-gcc -E  conftest.c
configure:8465: $? = 0
configure:8465: result: yes
configure:8465: checking for sys/signalfd.h
configure:8465: result: yes
configure:8479: checking for inotify_init
configure:8479: aarch64-openwrt-linux-gcc -o conftest -g -O3   conftest.c  >&5
configure:8479: $? = 0
configure:8479: result: yes
configure:8479: checking for epoll_ctl
configure:8479: aarch64-openwrt-linux-gcc -o conftest -g -O3   conftest.c  >&5
configure:8479: $? = 0
configure:8479: result: yes
configure:8479: checking for kqueue
configure:8479: aarch64-openwrt-linux-gcc -o conftest -g -O3   conftest.c  >&5
/home/tplink/share/EAP772_gpl/PLATFORM/build/toolchain/toolchain-aarch64_cortex-a73_gcc-7.5.0_musl/bin/../lib/gcc/aarch64-openwrt-linux-musl/7.5.0/../../../../aarch64-openwrt-linux-musl/bin/ld: /tmp/ccbTQOcQ.o: in function `main':
/home/tplink/share/EAP772_gpl/PLATFORM/apps/libev-master/conftest.c:65: undefined reference to `kqueue'
collect2: error: ld returned 1 exit status
configure:8479: $? = 1
configure: failed program was:
| /* confdefs.h */
| #define PACKAGE_NAME ""
| #define PACKAGE_TARNAME ""
| #define PACKAGE_VERSION ""
| #define PACKAGE_STRING ""
| #define PACKAGE_BUGREPORT ""
| #define PACKAGE_URL ""
| #define PACKAGE "libev"
| #define VERSION "4.22"
| #define STDC_HEADERS 1
| #define HAVE_SYS_TYPES_H 1
| #define HAVE_SYS_STAT_H 1
| #define HAVE_STDLIB_H 1
| #define HAVE_STRING_H 1
| #define HAVE_MEMORY_H 1
| #define HAVE_STRINGS_H 1
| #define HAVE_INTTYPES_H 1
| #define HAVE_STDINT_H 1
| #define HAVE_UNISTD_H 1
| #define HAVE_DLFCN_H 1
| #define LT_OBJDIR ".libs/"
| #define HAVE_SYS_INOTIFY_H 1
| #define HAVE_SYS_EPOLL_H 1
| #define HAVE_POLL_H 1
| #define HAVE_SYS_SELECT_H 1
| #define HAVE_SYS_EVENTFD_H 1
| #define HAVE_SYS_SIGNALFD_H 1
| #define HAVE_INOTIFY_INIT 1
| #define HAVE_EPOLL_CTL 1
| /* end confdefs.h.  */
| /* Define kqueue to an innocuous variant, in case <limits.h> declares kqueue.
|    For example, HP-UX 11i <limits.h> declares gettimeofday.  */
| #define kqueue innocuous_kqueue
| 
| /* System header to define __stub macros and hopefully few prototypes,
|     which can conflict with char kqueue (); below.
|     Prefer <limits.h> to <assert.h> if __STDC__ is defined, since
|     <limits.h> exists even on freestanding compilers.  */
| 
| #ifdef __STDC__
| # include <limits.h>
| #else
| # include <assert.h>
| #endif
| 
| #undef kqueue
| 
| /* Override any GCC internal prototype to avoid an error.
|    Use char because int might match the return type of a GCC
|    builtin and then its argument prototype would still apply.  */
| #ifdef __cplusplus
| extern "C"
| #endif
| char kqueue ();
| /* The GNU C library defines this for functions which it implements
|     to always fail with ENOSYS.  Some functions are actually named
|     something starting with __ and the normal name is an alias.  */
| #if defined __stub_kqueue || defined __stub___kqueue
| choke me
| #endif
| 
| int
| main ()
| {
| return kqueue ();
|   ;
|   return 0;
| }
configure:8479: result: no
configure:8479: checking for port_create
configure:8479: aarch64-openwrt-linux-gcc -o conftest -g -O3   conftest.c  >&5
/home/tplink/share/EAP772_gpl/PLATFORM/build/toolchain/toolchain-aarch64_cortex-a73_gcc-7.5.0_musl/bin/../lib/gcc/aarch64-openwrt-linux-musl/7.5.0/../../../../aarch64-openwrt-linux-musl/bin/ld: /tmp/ccpSe2Pe.o: in function `main':
/home/tplink/share/EAP772_gpl/PLATFORM/apps/libev-master/conftest.c:65: undefined reference to `port_create'
collect2: error: ld returned 1 exit status
configure:8479: $? = 1
configure: failed program was:
| /* confdefs.h */
| #define PACKAGE_NAME ""
| #define PACKAGE_TARNAME ""
| #define PACKAGE_VERSION ""
| #define PACKAGE_STRING ""
| #define PACKAGE_BUGREPORT ""
| #define PACKAGE_URL ""
| #define PACKAGE "libev"
| #define VERSION "4.22"
| #define STDC_HEADERS 1
| #define HAVE_SYS_TYPES_H 1
| #define HAVE_SYS_STAT_H 1
| #define HAVE_STDLIB_H 1
| #define HAVE_STRING_H 1
| #define HAVE_MEMORY_H 1
| #define HAVE_STRINGS_H 1
| #define HAVE_INTTYPES_H 1
| #define HAVE_STDINT_H 1
| #define HAVE_UNISTD_H 1
| #define HAVE_DLFCN_H 1
| #define LT_OBJDIR ".libs/"
| #define HAVE_SYS_INOTIFY_H 1
| #define HAVE_SYS_EPOLL_H 1
| #define HAVE_POLL_H 1
| #define HAVE_SYS_SELECT_H 1
| #define HAVE_SYS_EVENTFD_H 1
| #define HAVE_SYS_SIGNALFD_H 1
| #define HAVE_INOTIFY_INIT 1
| #define HAVE_EPOLL_CTL 1
| /* end confdefs.h.  */
| /* Define port_create to an innocuous variant, in case <limits.h> declares port_create.
|    For example, HP-UX 11i <limits.h> declares gettimeofday.  */
| #define port_create innocuous_port_create
| 
| /* System header to define __stub macros and hopefully few prototypes,
|     which can conflict with char port_create (); below.
|     Prefer <limits.h> to <assert.h> if __STDC__ is defined, since
|     <limits.h> exists even on freestanding compilers.  */
| 
| #ifdef __STDC__
| # include <limits.h>
| #else
| # include <assert.h>
| #endif
| 
| #undef port_create
| 
| /* Override any GCC internal prototype to avoid an error.
|    Use char because int might match the return type of a GCC
|    builtin and then its argument prototype would still apply.  */
| #ifdef __cplusplus
| extern "C"
| #endif
| char port_create ();
| /* The GNU C library defines this for functions which it implements
|     to always fail with ENOSYS.  Some functions are actually named
|     something starting with __ and the normal name is an alias.  */
| #if defined __stub_port_create || defined __stub___port_create
| choke me
| #endif
| 
| int
| main ()
| {
| return port_create ();
|   ;
|   return 0;
| }
configure:8479: result: no
configure:8479: checking for poll
configure:8479: aarch64-openwrt-linux-gcc -o conftest -g -O3   conftest.c  >&5
configure:8479: $? = 0
configure:8479: result: yes
configure:8479: checking for select
configure:8479: aarch64-openwrt-linux-gcc -o conftest -g -O3   conftest.c  >&5
configure:8479: $? = 0
configure:8479: result: yes
configure:8479: checking for eventfd
configure:8479: aarch64-openwrt-linux-gcc -o conftest -g -O3   conftest.c  >&5
configure:8479: $? = 0
configure:8479: result: yes
configure:8479: checking for signalfd
configure:8479: aarch64-openwrt-linux-gcc -o conftest -g -O3   conftest.c  >&5
configure:8479: $? = 0
configure:8479: result: yes
configure:8491: checking for clock_gettime
configure:8491: aarch64-openwrt-linux-gcc -o conftest -g -O3   conftest.c  >&5
configure:8491: $? = 0
configure:8491: result: yes
configure:8595: checking for nanosleep
configure:8595: aarch64-openwrt-linux-gcc -o conftest -g -O3   conftest.c  >&5
configure:8595: $? = 0
configure:8595: result: yes
configure:8670: checking for library containing floor
configure:8701: aarch64-openwrt-linux-gcc -o conftest -g -O3   conftest.c  >&5
conftest.c:44:6: warning: conflicting types for built-in function 'floor' [-Wbuiltin-declaration-mismatch]
 char floor ();
      ^~~~~
configure:8701: $? = 0
configure:8718: result: none required
configure:8834: checking that generated files are newer than configure
configure:8840: result: done
configure:8867: creating ./config.status

## ---------------------- ##
## Running config.status. ##
## ---------------------- ##

This file was extended by config.status, which was
generated by GNU Autoconf 2.69.  Invocation command line was

  CONFIG_FILES    = 
  CONFIG_HEADERS  = 
  CONFIG_LINKS    = 
  CONFIG_COMMANDS = 
  $ ./config.status 

on tplink

config.status:1094: creating Makefile
config.status:1094: creating config.h
config.status:1275: config.h is unchanged
config.status:1323: executing depfiles commands
config.status:1323: executing libtool commands

## ---------------- ##
## Cache variables. ##
## ---------------- ##

ac_cv_build=i686-pc-linux-gnu
ac_cv_c_compiler_gnu=yes
ac_cv_env_CC_set=
ac_cv_env_CC_value=
ac_cv_env_CFLAGS_set=
ac_cv_env_CFLAGS_value=
ac_cv_env_CPPFLAGS_set=
ac_cv_env_CPPFLAGS_value=
ac_cv_env_CPP_set=
ac_cv_env_CPP_value=
ac_cv_env_LDFLAGS_set=
ac_cv_env_LDFLAGS_value=
ac_cv_env_LIBS_set=
ac_cv_env_LIBS_value=
ac_cv_env_build_alias_set=set
ac_cv_env_build_alias_value=i686-linux
ac_cv_env_host_alias_set=set
ac_cv_env_host_alias_value=aarch64-openwrt-linux
ac_cv_env_target_alias_set=set
ac_cv_env_target_alias_value=aarch64-openwrt-linux
ac_cv_func_clock_gettime=yes
ac_cv_func_epoll_ctl=yes
ac_cv_func_eventfd=yes
ac_cv_func_inotify_init=yes
ac_cv_func_kqueue=no
ac_cv_func_nanosleep=yes
ac_cv_func_poll=yes
ac_cv_func_port_create=no
ac_cv_func_select=yes
ac_cv_func_signalfd=yes
ac_cv_header_dlfcn_h=yes
ac_cv_header_inttypes_h=yes
ac_cv_header_memory_h=yes
ac_cv_header_poll_h=yes
ac_cv_header_port_h=no
ac_cv_header_stdc=yes
ac_cv_header_stdint_h=yes
ac_cv_header_stdlib_h=yes
ac_cv_header_string_h=yes
ac_cv_header_strings_h=yes
ac_cv_header_sys_epoll_h=yes
ac_cv_header_sys_event_h=no
ac_cv_header_sys_eventfd_h=yes
ac_cv_header_sys_inotify_h=yes
ac_cv_header_sys_select_h=yes
ac_cv_header_sys_signalfd_h=yes
ac_cv_header_sys_stat_h=yes
ac_cv_header_sys_types_h=yes
ac_cv_header_unistd_h=yes
ac_cv_host=aarch64-openwrt-linux-gnu
ac_cv_objext=o
ac_cv_path_EGREP='/usr/bin/grep -E'
ac_cv_path_FGREP='/usr/bin/grep -F'
ac_cv_path_GREP=/usr/bin/grep
ac_cv_path_SED=/usr/bin/sed
ac_cv_path_install='/usr/bin/install -c'
ac_cv_path_mkdir=/usr/bin/mkdir
ac_cv_prog_AR=aarch64-openwrt-linux-ar
ac_cv_prog_AWK=gawk
ac_cv_prog_CC=aarch64-openwrt-linux-gcc
ac_cv_prog_CPP='aarch64-openwrt-linux-gcc -E'
ac_cv_prog_OBJDUMP=aarch64-openwrt-linux-objdump
ac_cv_prog_RANLIB=aarch64-openwrt-linux-ranlib
ac_cv_prog_STRIP=aarch64-openwrt-linux-strip
ac_cv_prog_ac_ct_MANIFEST_TOOL=mt
ac_cv_prog_cc_c89=
ac_cv_prog_cc_g=yes
ac_cv_prog_make_make_set=yes
ac_cv_search_floor='none required'
am_cv_CC_dependencies_compiler_type=gcc3
am_cv_make_support_nested_variables=yes
am_cv_prog_cc_c_o=yes
lt_cv_ar_at_file=@
lt_cv_archive_cmds_need_lc=no
lt_cv_deplibs_check_method=pass_all
lt_cv_file_magic_cmd='$MAGIC_CMD'
lt_cv_file_magic_test_file=
lt_cv_ld_reload_flag=-r
lt_cv_nm_interface='BSD nm'
lt_cv_objdir=.libs
lt_cv_path_LD=/home/tplink/share/EAP772_gpl/PLATFORM/build/toolchain/toolchain-aarch64_cortex-a73_gcc-7.5.0_musl/aarch64-openwrt-linux-musl/bin/ld
lt_cv_path_NM='/home/tplink/share/EAP772_gpl/PLATFORM/build/../build/toolchain/toolchain-aarch64_cortex-a73_gcc-7.5.0_musl/./usr/../bin/aarch64-openwrt-linux-nm -B'
lt_cv_path_mainfest_tool=no
lt_cv_prog_compiler_c_o=yes
lt_cv_prog_compiler_pic='-fPIC -DPIC'
lt_cv_prog_compiler_pic_works=yes
lt_cv_prog_compiler_rtti_exceptions=no
lt_cv_prog_compiler_static_works=yes
lt_cv_prog_gnu_ld=yes
lt_cv_sharedlib_from_linklib_cmd='printf %s\n'
lt_cv_shlibpath_overrides_runpath=no
lt_cv_sys_global_symbol_pipe='sed -n -e '\''s/^.*[	 ]\([ABCDGIRSTW][ABCDGIRSTW]*\)[	 ][	 ]*\([_A-Za-z][_A-Za-z0-9]*\)$/\1 \2 \2/p'\'' | sed '\''/ __gnu_lto/d'\'''
lt_cv_sys_global_symbol_to_c_name_address='sed -n -e '\''s/^: \([^ ]*\)[ ]*$/  {\"\1\", (void *) 0},/p'\'' -e '\''s/^[ABCDGIRSTW]* \([^ ]*\) \([^ ]*\)$/  {"\2", (void *) \&\2},/p'\'''
lt_cv_sys_global_symbol_to_c_name_address_lib_prefix='sed -n -e '\''s/^: \([^ ]*\)[ ]*$/  {\"\1\", (void *) 0},/p'\'' -e '\''s/^[ABCDGIRSTW]* \([^ ]*\) \(lib[^ ]*\)$/  {"\2", (void *) \&\2},/p'\'' -e '\''s/^[ABCDGIRSTW]* \([^ ]*\) \([^ ]*\)$/  {"lib\2", (void *) \&\2},/p'\'''
lt_cv_sys_global_symbol_to_cdecl='sed -n -e '\''s/^T .* \(.*\)$/extern int \1();/p'\'' -e '\''s/^[ABCDGIRSTW]* .* \(.*\)$/extern char \1;/p'\'''
lt_cv_sys_max_cmd_len=1572864
lt_cv_to_host_file_cmd=func_convert_file_noop
lt_cv_to_tool_file_cmd=func_convert_file_noop

## ----------------- ##
## Output variables. ##
## ----------------- ##

ACLOCAL='${SHELL} /home/tplink/share/EAP772_gpl/PLATFORM/apps/libev-master/missing aclocal-1.14'
AMDEPBACKSLASH='\'
AMDEP_FALSE='#'
AMDEP_TRUE=''
AMTAR='$${TAR-tar}'
AM_BACKSLASH='\'
AM_DEFAULT_V='$(AM_DEFAULT_VERBOSITY)'
AM_DEFAULT_VERBOSITY='1'
AM_V='$(V)'
AR='aarch64-openwrt-linux-ar'
AUTOCONF='${SHELL} /home/tplink/share/EAP772_gpl/PLATFORM/apps/libev-master/missing autoconf'
AUTOHEADER='${SHELL} /home/tplink/share/EAP772_gpl/PLATFORM/apps/libev-master/missing autoheader'
AUTOMAKE='${SHELL} /home/tplink/share/EAP772_gpl/PLATFORM/apps/libev-master/missing automake-1.14'
AWK='gawk'
CC='aarch64-openwrt-linux-gcc'
CCDEPMODE='depmode=gcc3'
CFLAGS='-g -O3'
CPP='aarch64-openwrt-linux-gcc -E'
CPPFLAGS=''
CYGPATH_W='echo'
DEFS='-DHAVE_CONFIG_H'
DEPDIR='.deps'
DLLTOOL='false'
DSYMUTIL=''
DUMPBIN=''
ECHO_C=''
ECHO_N='-n'
ECHO_T=''
EGREP='/usr/bin/grep -E'
EXEEXT=''
FGREP='/usr/bin/grep -F'
GREP='/usr/bin/grep'
INSTALL_DATA='${INSTALL} -m 644'
INSTALL_PROGRAM='${INSTALL}'
INSTALL_SCRIPT='${INSTALL}'
INSTALL_STRIP_PROGRAM='$(install_sh) -c -s'
LD='/home/tplink/share/EAP772_gpl/PLATFORM/build/toolchain/toolchain-aarch64_cortex-a73_gcc-7.5.0_musl/aarch64-openwrt-linux-musl/bin/ld'
LDFLAGS=''
LIBOBJS=''
LIBS=''
LIBTOOL='$(SHELL) $(top_builddir)/libtool'
LIPO=''
LN_S='ln -s'
LTLIBOBJS=''
MAINT='#'
MAINTAINER_MODE_FALSE=''
MAINTAINER_MODE_TRUE='#'
MAKEINFO='${SHELL} /home/tplink/share/EAP772_gpl/PLATFORM/apps/libev-master/missing makeinfo'
MANIFEST_TOOL=':'
MKDIR_P='/usr/bin/mkdir -p'
NM='/home/tplink/share/EAP772_gpl/PLATFORM/build/../build/toolchain/toolchain-aarch64_cortex-a73_gcc-7.5.0_musl/./usr/../bin/aarch64-openwrt-linux-nm -B'
NMEDIT=''
OBJDUMP='aarch64-openwrt-linux-objdump'
OBJEXT='o'
OTOOL64=''
OTOOL=''
PACKAGE='libev'
PACKAGE_BUGREPORT=''
PACKAGE_NAME=''
PACKAGE_STRING=''
PACKAGE_TARNAME=''
PACKAGE_URL=''
PACKAGE_VERSION=''
PATH_SEPARATOR=':'
RANLIB='aarch64-openwrt-linux-ranlib'
SED='/usr/bin/sed'
SET_MAKE=''
SHELL='/bin/sh'
STRIP='aarch64-openwrt-linux-strip'
VERSION='4.22'
ac_ct_AR=''
ac_ct_CC=''
ac_ct_DUMPBIN=''
am__EXEEXT_FALSE=''
am__EXEEXT_TRUE='#'
am__fastdepCC_FALSE='#'
am__fastdepCC_TRUE=''
am__include='include'
am__isrc=''
am__leading_dot='.'
am__nodep='_no'
am__quote=''
am__tar='$${TAR-tar} chof - "$$tardir"'
am__untar='$${TAR-tar} xf -'
bindir='${exec_prefix}/bin'
build='i686-pc-linux-gnu'
build_alias='i686-linux'
build_cpu='i686'
build_os='linux-gnu'
build_vendor='pc'
datadir='${datarootdir}'
datarootdir='${prefix}/share'
docdir='${datarootdir}/doc/${PACKAGE}'
dvidir='${docdir}'
exec_prefix='${prefix}'
host='aarch64-openwrt-linux-gnu'
host_alias='aarch64-openwrt-linux'
host_cpu='aarch64'
host_os='linux-gnu'
host_vendor='openwrt'
htmldir='${docdir}'
includedir='${prefix}/include'
infodir='${datarootdir}/info'
install_sh='${SHELL} /home/tplink/share/EAP772_gpl/PLATFORM/apps/libev-master/install-sh'
libdir='${exec_prefix}/lib'
libexecdir='${exec_prefix}/libexec'
localedir='${datarootdir}/locale'
localstatedir='${prefix}/var'
mandir='${datarootdir}/man'
mkdir_p='$(MKDIR_P)'
oldincludedir='/usr/include'
pdfdir='${docdir}'
prefix='/home/tplink/share/EAP772_gpl/PLATFORM/build/../images/eap/ipq53xx_eap7xx_common/rootfs'
program_transform_name='s,x,x,'
psdir='${docdir}'
sbindir='${exec_prefix}/sbin'
sharedstatedir='${prefix}/com'
sysconfdir='${prefix}/etc'
target_alias='aarch64-openwrt-linux'

## ----------- ##
## confdefs.h. ##
## ----------- ##

/* confdefs.h */
#define PACKAGE_NAME ""
#define PACKAGE_TARNAME ""
#define PACKAGE_VERSION ""
#define PACKAGE_STRING ""
#define PACKAGE_BUGREPORT ""
#define PACKAGE_URL ""
#define PACKAGE "libev"
#define VERSION "4.22"
#define STDC_HEADERS 1
#define HAVE_SYS_TYPES_H 1
#define HAVE_SYS_STAT_H 1
#define HAVE_STDLIB_H 1
#define HAVE_STRING_H 1
#define HAVE_MEMORY_H 1
#define HAVE_STRINGS_H 1
#define HAVE_INTTYPES_H 1
#define HAVE_STDINT_H 1
#define HAVE_UNISTD_H 1
#define HAVE_DLFCN_H 1
#define LT_OBJDIR ".libs/"
#define HAVE_SYS_INOTIFY_H 1
#define HAVE_SYS_EPOLL_H 1
#define HAVE_POLL_H 1
#define HAVE_SYS_SELECT_H 1
#define HAVE_SYS_EVENTFD_H 1
#define HAVE_SYS_SIGNALFD_H 1
#define HAVE_INOTIFY_INIT 1
#define HAVE_EPOLL_CTL 1
#define HAVE_POLL 1
#define HAVE_SELECT 1
#define HAVE_EVENTFD 1
#define HAVE_SIGNALFD 1
#define HAVE_CLOCK_GETTIME 1
#define HAVE_NANOSLEEP 1
#define HAVE_FLOOR 1

configure: exit 0
